Dec 10 08:33:10 centos7-x86-64 journal: Runtime journal is using 8.0M (max allowed 189.2M, trying to leave 283.8M free of 1.8G available → current limit 189.2M).
Dec 10 08:33:10 centos7-x86-64 kernel: Initializing cgroup subsys cpuset
Dec 10 08:33:10 centos7-x86-64 kernel: Initializing cgroup subsys cpu
Dec 10 08:33:10 centos7-x86-64 kernel: Initializing cgroup subsys cpuacct
Dec 10 08:33:10 centos7-x86-64 kernel: Linux version 3.10.0-862.el7.x86_64 (builder@kbuilder.dev.centos.org) (gcc version 4.8.5 20150623 (Red Hat 4.8.5-28) (GCC) ) #1 SMP Fri Apr 20 16:44:24 UTC 2018
Dec 10 08:33:10 centos7-x86-64 kernel: Command line: BOOT_IMAGE=/vmlinuz-3.10.0-862.el7.x86_64 root=UUID=6651ae10-5bca-4205-a46b-947360820267 ro crashkernel=auto LANG=en_US.UTF-8
Dec 10 08:33:10 centos7-x86-64 kernel: e820: BIOS-provided physical RAM map:
Dec 10 08:33:10 centos7-x86-64 kernel: BIOS-e820: [mem 0x0000000000000000-0x000000000009dfff] usable
Dec 10 08:33:10 centos7-x86-64 kernel: BIOS-e820: [mem 0x000000000009e000-0x000000000009ffff] reserved
Dec 10 08:33:10 centos7-x86-64 kernel: BIOS-e820: [mem 0x00000000000e0000-0x00000000000fffff] reserved
Dec 10 08:33:10 centos7-x86-64 kernel: BIOS-e820: [mem 0x0000000000100000-0x00000000efffffff] usable
Dec 10 08:33:10 centos7-x86-64 kernel: BIOS-e820: [mem 0x00000000fc000000-0x00000000ffffffff] reserved
Dec 10 08:33:10 centos7-x86-64 kernel: BIOS-e820: [mem 0x0000000100000000-0x000000010fbfffff] usable
Dec 10 08:33:10 centos7-x86-64 kernel: NX (Execute Disable) protection: active
Dec 10 08:33:10 centos7-x86-64 kernel: SMBIOS 2.4 present.
Dec 10 08:33:10 centos7-x86-64 kernel: Hypervisor detected: Xen HVM
Dec 10 08:33:10 centos7-x86-64 kernel: Xen version 4.6.
Dec 10 08:33:10 centos7-x86-64 kernel: Netfront and the Xen platform PCI driver have been compiled for this kernel: unplug emulated NICs.
Dec 10 08:33:10 centos7-x86-64 kernel: Blkfront and the Xen platform PCI driver have been compiled for this kernel: unplug emulated disks.#012You might have to change the root device#012from /dev/hd[a-d] to /dev/xvd[a-d]#012in your root= kernel command line option
Dec 10 08:33:10 centos7-x86-64 kernel: e820: last_pfn = 0x10fc00 max_arch_pfn = 0x400000000
Dec 10 08:33:10 centos7-x86-64 kernel: PAT configuration [0-7]: WB  WC  UC- UC  WB  WP  UC- UC  
Dec 10 08:33:10 centos7-x86-64 kernel: e820: last_pfn = 0xf0000 max_arch_pfn = 0x400000000
Dec 10 08:33:10 centos7-x86-64 kernel: found SMP MP-table at [mem 0x000fb630-0x000fb63f] mapped at [ffffffffff200630]
Dec 10 08:33:10 centos7-x86-64 kernel: Using GB pages for direct mapping
Dec 10 08:33:10 centos7-x86-64 kernel: RAMDISK: [mem 0x35d61000-0x36ea8fff]
Dec 10 08:33:10 centos7-x86-64 kernel: Early table checksum verification disabled
Dec 10 08:33:10 centos7-x86-64 kernel: ACPI: RSDP 00000000000ea020 00024 (v02    Xen)
Dec 10 08:33:10 centos7-x86-64 kernel: ACPI: XSDT 00000000fc00cf40 00044 (v01    Xen      HVM 00000000 HVML 00000000)
Dec 10 08:33:10 centos7-x86-64 kernel: ACPI: FACP 00000000fc00cc80 000F4 (v04    Xen      HVM 00000000 HVML 00000000)
Dec 10 08:33:10 centos7-x86-64 kernel: ACPI: DSDT 00000000fc0042a0 08956 (v02    Xen      HVM 00000000 INTL 20150619)
Dec 10 08:33:10 centos7-x86-64 kernel: ACPI: FACS 00000000fc004260 00040
Dec 10 08:33:10 centos7-x86-64 kernel: ACPI: APIC 00000000fc00cd80 000D8 (v02    Xen      HVM 00000000 HVML 00000000)
Dec 10 08:33:10 centos7-x86-64 kernel: ACPI: HPET 00000000fc00ced0 00038 (v01    Xen      HVM 00000000 HVML 00000000)
Dec 10 08:33:10 centos7-x86-64 kernel: ACPI: WAET 00000000fc00cf10 00028 (v01    Xen      HVM 00000000 HVML 00000000)
Dec 10 08:33:10 centos7-x86-64 kernel: No NUMA configuration found
Dec 10 08:33:10 centos7-x86-64 kernel: Faking a node at [mem 0x0000000000000000-0x000000010fbfffff]
Dec 10 08:33:10 centos7-x86-64 kernel: NODE_DATA(0) allocated [mem 0x10fbd8000-0x10fbfefff]
Dec 10 08:33:10 centos7-x86-64 kernel: Reserving 161MB of memory at 688MB for crashkernel (System RAM: 4091MB)
Dec 10 08:33:10 centos7-x86-64 kernel: Zone ranges:
Dec 10 08:33:10 centos7-x86-64 kernel:  DMA      [mem 0x00001000-0x00ffffff]
Dec 10 08:33:10 centos7-x86-64 kernel:  DMA32    [mem 0x01000000-0xffffffff]
Dec 10 08:33:10 centos7-x86-64 kernel:  Normal   [mem 0x100000000-0x10fbfffff]
Dec 10 08:33:10 centos7-x86-64 kernel: Movable zone start for each node
Dec 10 08:33:10 centos7-x86-64 kernel: Early memory node ranges
Dec 10 08:33:10 centos7-x86-64 kernel:  node   0: [mem 0x00001000-0x0009dfff]
Dec 10 08:33:10 centos7-x86-64 kernel:  node   0: [mem 0x00100000-0xefffffff]
Dec 10 08:33:10 centos7-x86-64 kernel:  node   0: [mem 0x100000000-0x10fbfffff]
Dec 10 08:33:10 centos7-x86-64 kernel: Initmem setup node 0 [mem 0x00001000-0x10fbfffff]
Dec 10 08:33:10 centos7-x86-64 kernel: ACPI: PM-Timer IO Port: 0xb008
Dec 10 08:33:10 centos7-x86-64 kernel: ACPI: LAPIC (acpi_id[0x00] lapic_id[0x00] enabled)
Dec 10 08:33:10 centos7-x86-64 kernel: ACPI: LAPIC (acpi_id[0x01] lapic_id[0x02] enabled)
Dec 10 08:33:10 centos7-x86-64 kernel: ACPI: LAPIC (acpi_id[0x02] lapic_id[0x04] enabled)
Dec 10 08:33:10 centos7-x86-64 kernel: ACPI: LAPIC (acpi_id[0x03] lapic_id[0x06] enabled)
Dec 10 08:33:10 centos7-x86-64 kernel: ACPI: LAPIC (acpi_id[0x04] lapic_id[0x08] disabled)
Dec 10 08:33:10 centos7-x86-64 kernel: ACPI: LAPIC (acpi_id[0x05] lapic_id[0x0a] disabled)
Dec 10 08:33:10 centos7-x86-64 kernel: ACPI: LAPIC (acpi_id[0x06] lapic_id[0x0c] disabled)
Dec 10 08:33:10 centos7-x86-64 kernel: ACPI: LAPIC (acpi_id[0x07] lapic_id[0x0e] disabled)
Dec 10 08:33:10 centos7-x86-64 kernel: ACPI: LAPIC (acpi_id[0x08] lapic_id[0x10] disabled)
Dec 10 08:33:10 centos7-x86-64 kernel: ACPI: LAPIC (acpi_id[0x09] lapic_id[0x12] disabled)
Dec 10 08:33:10 centos7-x86-64 kernel: ACPI: LAPIC (acpi_id[0x0a] lapic_id[0x14] disabled)
Dec 10 08:33:10 centos7-x86-64 kernel: ACPI: LAPIC (acpi_id[0x0b] lapic_id[0x16] disabled)
Dec 10 08:33:10 centos7-x86-64 kernel: ACPI: LAPIC (acpi_id[0x0c] lapic_id[0x18] disabled)
Dec 10 08:33:10 centos7-x86-64 kernel: ACPI: LAPIC (acpi_id[0x0d] lapic_id[0x1a] disabled)
Dec 10 08:33:10 centos7-x86-64 kernel: ACPI: LAPIC (acpi_id[0x0e] lapic_id[0x1c] disabled)
Dec 10 08:33:10 centos7-x86-64 kernel: ACPI: IOAPIC (id[0x01] address[0xfec00000] gsi_base[0])
Dec 10 08:33:10 centos7-x86-64 kernel: IOAPIC[0]: apic_id 1, version 17, address 0xfec00000, GSI 0-47
Dec 10 08:33:10 centos7-x86-64 kernel: ACPI: INT_SRC_OVR (bus 0 bus_irq 0 global_irq 2 dfl dfl)
Dec 10 08:33:10 centos7-x86-64 kernel: ACPI: INT_SRC_OVR (bus 0 bus_irq 5 global_irq 5 low level)
Dec 10 08:33:10 centos7-x86-64 kernel: ACPI: INT_SRC_OVR (bus 0 bus_irq 10 global_irq 10 low level)
Dec 10 08:33:10 centos7-x86-64 kernel: ACPI: INT_SRC_OVR (bus 0 bus_irq 11 global_irq 11 low level)
Dec 10 08:33:10 centos7-x86-64 kernel: Using ACPI (MADT) for SMP configuration information
Dec 10 08:33:10 centos7-x86-64 kernel: ACPI: HPET id: 0x8086a201 base: 0xfed00000
Dec 10 08:33:10 centos7-x86-64 kernel: smpboot: Allowing 15 CPUs, 11 hotplug CPUs
Dec 10 08:33:10 centos7-x86-64 kernel: PM: Registered nosave memory: [mem 0x0009e000-0x0009ffff]
Dec 10 08:33:10 centos7-x86-64 kernel: PM: Registered nosave memory: [mem 0x000a0000-0x000dffff]
Dec 10 08:33:10 centos7-x86-64 kernel: PM: Registered nosave memory: [mem 0x000e0000-0x000fffff]
Dec 10 08:33:10 centos7-x86-64 kernel: PM: Registered nosave memory: [mem 0xf0000000-0xfbffffff]
Dec 10 08:33:10 centos7-x86-64 kernel: PM: Registered nosave memory: [mem 0xfc000000-0xffffffff]
Dec 10 08:33:10 centos7-x86-64 kernel: e820: [mem 0xf0000000-0xfbffffff] available for PCI devices
Dec 10 08:33:10 centos7-x86-64 kernel: Booting paravirtualized kernel on Xen HVM
Dec 10 08:33:10 centos7-x86-64 kernel: setup_percpu: NR_CPUS:5120 nr_cpumask_bits:15 nr_cpu_ids:15 nr_node_ids:1
Dec 10 08:33:10 centos7-x86-64 kernel: PERCPU: Embedded 35 pages/cpu @ffff8ed1cae00000 s104856 r8192 d30312 u262144
Dec 10 08:33:10 centos7-x86-64 kernel: PV qspinlock hash table entries: 256 (order: 0, 4096 bytes)
Dec 10 08:33:10 centos7-x86-64 kernel: Built 1 zonelists in Node order, mobility grouping on.  Total pages: 1031060
Dec 10 08:33:10 centos7-x86-64 kernel: Policy zone: Normal
Dec 10 08:33:10 centos7-x86-64 kernel: Kernel command line: BOOT_IMAGE=/vmlinuz-3.10.0-862.el7.x86_64 root=UUID=6651ae10-5bca-4205-a46b-947360820267 ro crashkernel=auto LANG=en_US.UTF-8
Dec 10 08:33:10 centos7-x86-64 kernel: PID hash table entries: 4096 (order: 3, 32768 bytes)
Dec 10 08:33:10 centos7-x86-64 kernel: x86/fpu: xstate_offset[2]: 0240, xstate_sizes[2]: 0100
Dec 10 08:33:10 centos7-x86-64 kernel: xsave: enabled xstate_bv 0x7, cntxt size 0x340 using standard form
Dec 10 08:33:10 centos7-x86-64 kernel: Memory: 3854380k/4452352k available (7324k kernel code, 262540k absent, 335432k reserved, 6305k data, 1832k init)
Dec 10 08:33:10 centos7-x86-64 kernel: SLUB: HWalign=64, Order=0-3, MinObjects=0, CPUs=15, Nodes=1
Dec 10 08:33:10 centos7-x86-64 kernel: x86/pti: Unmapping kernel while in userspace
Dec 10 08:33:10 centos7-x86-64 kernel: Hierarchical RCU implementation.
Dec 10 08:33:10 centos7-x86-64 kernel: #011RCU restricting CPUs from NR_CPUS=5120 to nr_cpu_ids=15.
Dec 10 08:33:10 centos7-x86-64 kernel: NR_IRQS:327936 nr_irqs:952 0
Dec 10 08:33:10 centos7-x86-64 kernel: xen:events: Xen HVM callback vector for event delivery is enabled
Dec 10 08:33:10 centos7-x86-64 kernel: Console: colour VGA+ 80x25
Dec 10 08:33:10 centos7-x86-64 kernel: console [tty0] enabled
Dec 10 08:33:10 centos7-x86-64 kernel: allocated 16777216 bytes of page_cgroup
Dec 10 08:33:10 centos7-x86-64 kernel: please try 'cgroup_disable=memory' option if you don't want memory cgroups
Dec 10 08:33:10 centos7-x86-64 kernel: tsc: Fast TSC calibration using PIT
Dec 10 08:33:10 centos7-x86-64 kernel: tsc: Detected 2200.152 MHz processor
Dec 10 08:33:10 centos7-x86-64 kernel: Calibrating delay loop (skipped), value calculated using timer frequency.. 4400.13 BogoMIPS (lpj=2200068)
Dec 10 08:33:10 centos7-x86-64 kernel: pid_max: default: 32768 minimum: 301
Dec 10 08:33:10 centos7-x86-64 kernel: Security Framework initialized
Dec 10 08:33:10 centos7-x86-64 kernel: SELinux:  Initializing.
Dec 10 08:33:10 centos7-x86-64 kernel: Yama: becoming mindful.
Dec 10 08:33:10 centos7-x86-64 kernel: Dentry cache hash table entries: 524288 (order: 10, 4194304 bytes)
Dec 10 08:33:10 centos7-x86-64 kernel: Inode-cache hash table entries: 262144 (order: 9, 2097152 bytes)
Dec 10 08:33:10 centos7-x86-64 kernel: Mount-cache hash table entries: 8192 (order: 4, 65536 bytes)
Dec 10 08:33:10 centos7-x86-64 kernel: Mountpoint-cache hash table entries: 8192 (order: 4, 65536 bytes)
Dec 10 08:33:10 centos7-x86-64 kernel: Initializing cgroup subsys memory
Dec 10 08:33:10 centos7-x86-64 kernel: Initializing cgroup subsys devices
Dec 10 08:33:10 centos7-x86-64 kernel: Initializing cgroup subsys freezer
Dec 10 08:33:10 centos7-x86-64 kernel: Initializing cgroup subsys net_cls
Dec 10 08:33:10 centos7-x86-64 kernel: Initializing cgroup subsys blkio
Dec 10 08:33:10 centos7-x86-64 kernel: Initializing cgroup subsys perf_event
Dec 10 08:33:10 centos7-x86-64 kernel: Initializing cgroup subsys hugetlb
Dec 10 08:33:10 centos7-x86-64 kernel: Initializing cgroup subsys pids
Dec 10 08:33:10 centos7-x86-64 kernel: Initializing cgroup subsys net_prio
Dec 10 08:33:10 centos7-x86-64 kernel: CPU: Physical Processor ID: 0
Dec 10 08:33:10 centos7-x86-64 kernel: CPU: Processor Core ID: 0
Dec 10 08:33:10 centos7-x86-64 kernel: mce: CPU supports 2 MCE banks
Dec 10 08:33:10 centos7-x86-64 kernel: Last level iTLB entries: 4KB 0, 2MB 0, 4MB 0
Dec 10 08:33:10 centos7-x86-64 kernel: Last level dTLB entries: 4KB 64, 2MB 0, 4MB 0
Dec 10 08:33:10 centos7-x86-64 kernel: tlb_flushall_shift: 6
Dec 10 08:33:10 centos7-x86-64 kernel: FEATURE SPEC_CTRL Present
Dec 10 08:33:10 centos7-x86-64 kernel: FEATURE IBPB_SUPPORT Present
Dec 10 08:33:10 centos7-x86-64 kernel: Spectre V2 : Mitigation: Full retpoline
Dec 10 08:33:10 centos7-x86-64 kernel: Freeing SMP alternatives: 24k freed
Dec 10 08:33:10 centos7-x86-64 kernel: ACPI: Core revision 20130517
Dec 10 08:33:10 centos7-x86-64 kernel: ACPI: All ACPI Tables successfully acquired
Dec 10 08:33:10 centos7-x86-64 kernel: ftrace: allocating 28047 entries in 110 pages
Dec 10 08:33:10 centos7-x86-64 kernel: IRQ remapping doesn't support X2APIC mode, disable x2apic.
Dec 10 08:33:10 centos7-x86-64 kernel: Switched APIC routing to physical flat.
Dec 10 08:33:10 centos7-x86-64 kernel: ..TIMER: vector=0x30 apic1=0 pin1=2 apic2=0 pin2=0
Dec 10 08:33:10 centos7-x86-64 kernel: random: fast init done
Dec 10 08:33:10 centos7-x86-64 kernel: smpboot: CPU0: Intel(R) Xeon(R) CPU E5-2650 v4 @ 2.20GHz (fam: 06, model: 4f, stepping: 01)
Dec 10 08:33:10 centos7-x86-64 kernel: installing Xen timer for CPU 0
Dec 10 08:33:10 centos7-x86-64 kernel: cpu 0 spinlock event irq 53
Dec 10 08:33:10 centos7-x86-64 kernel: Performance Events: unsupported p6 CPU model 79 no PMU driver, software events only.
Dec 10 08:33:10 centos7-x86-64 kernel: NMI watchdog: disabled (cpu0): hardware events not enabled
Dec 10 08:33:10 centos7-x86-64 kernel: NMI watchdog: Shutting down hard lockup detector on all cpus
Dec 10 08:33:10 centos7-x86-64 kernel: installing Xen timer for CPU 1
Dec 10 08:33:10 centos7-x86-64 kernel: smpboot: Booting Node   0, Processors  #1cpu 1 spinlock event irq 59
Dec 10 08:33:10 centos7-x86-64 kernel: installing Xen timer for CPU 2
Dec 10 08:33:10 centos7-x86-64 kernel: #2cpu 2 spinlock event irq 65
Dec 10 08:33:10 centos7-x86-64 kernel: installing Xen timer for CPU 3
Dec 10 08:33:10 centos7-x86-64 kernel: #3cpu 3 spinlock event irq 71
Dec 10 08:33:10 centos7-x86-64 kernel: Brought up 4 CPUs
Dec 10 08:33:10 centos7-x86-64 kernel: smpboot: Max logical packages: 8
Dec 10 08:33:10 centos7-x86-64 kernel: smpboot: Total of 4 processors activated (17641.58 BogoMIPS)
Dec 10 08:33:10 centos7-x86-64 kernel: devtmpfs: initialized
Dec 10 08:33:10 centos7-x86-64 kernel: EVM: security.selinux
Dec 10 08:33:10 centos7-x86-64 kernel: EVM: security.ima
Dec 10 08:33:10 centos7-x86-64 kernel: EVM: security.capability
Dec 10 08:33:10 centos7-x86-64 kernel: atomic64 test passed for x86-64 platform with CX8 and with SSE
Dec 10 08:33:10 centos7-x86-64 kernel: pinctrl core: initialized pinctrl subsystem
Dec 10 08:33:10 centos7-x86-64 kernel: RTC time: 14:33:08, date: 12/10/19
Dec 10 08:33:10 centos7-x86-64 kernel: NET: Registered protocol family 16
Dec 10 08:33:10 centos7-x86-64 kernel: ACPI: bus type PCI registered
Dec 10 08:33:10 centos7-x86-64 kernel: acpiphp: ACPI Hot Plug PCI Controller Driver version: 0.5
Dec 10 08:33:10 centos7-x86-64 kernel: PCI: Using configuration type 1 for base access
Dec 10 08:33:10 centos7-x86-64 kernel: ACPI: Added _OSI(Module Device)
Dec 10 08:33:10 centos7-x86-64 kernel: ACPI: Added _OSI(Processor Device)
Dec 10 08:33:10 centos7-x86-64 kernel: ACPI: Added _OSI(3.0 _SCP Extensions)
Dec 10 08:33:10 centos7-x86-64 kernel: ACPI: Added _OSI(Processor Aggregator Device)
Dec 10 08:33:10 centos7-x86-64 kernel: ACPI: Interpreter enabled
Dec 10 08:33:10 centos7-x86-64 kernel: ACPI: (supports S0 S5)
Dec 10 08:33:10 centos7-x86-64 kernel: ACPI: Using IOAPIC for interrupt routing
Dec 10 08:33:10 centos7-x86-64 kernel: PCI: Using host bridge windows from ACPI; if necessary, use "pci=nocrs" and report a bug
Dec 10 08:33:10 centos7-x86-64 kernel: ACPI: Enabled 2 GPEs in block 00 to 0F
Dec 10 08:33:10 centos7-x86-64 kernel: ACPI: PCI Root Bridge [PCI0] (domain 0000 [bus 00-ff])
Dec 10 08:33:10 centos7-x86-64 kernel: acpi PNP0A03:00: _OSC: OS supports [ASPM ClockPM Segments MSI]
Dec 10 08:33:10 centos7-x86-64 kernel: acpi PNP0A03:00: _OSC failed (AE_NOT_FOUND); disabling ASPM
Dec 10 08:33:10 centos7-x86-64 kernel: acpi PNP0A03:00: fail to add MMCONFIG information, can't access extended PCI configuration space under this bridge.
Dec 10 08:33:10 centos7-x86-64 kernel: acpiphp: Slot [0] registered
Dec 10 08:33:10 centos7-x86-64 kernel: acpiphp: Slot [3] registered
Dec 10 08:33:10 centos7-x86-64 kernel: acpiphp: Slot [4] registered
Dec 10 08:33:10 centos7-x86-64 kernel: acpiphp: Slot [5] registered
Dec 10 08:33:10 centos7-x86-64 kernel: acpiphp: Slot [6] registered
Dec 10 08:33:10 centos7-x86-64 kernel: acpiphp: Slot [7] registered
Dec 10 08:33:10 centos7-x86-64 kernel: acpiphp: Slot [8] registered
Dec 10 08:33:10 centos7-x86-64 kernel: acpiphp: Slot [9] registered
Dec 10 08:33:10 centos7-x86-64 kernel: acpiphp: Slot [10] registered
Dec 10 08:33:10 centos7-x86-64 kernel: acpiphp: Slot [11] registered
Dec 10 08:33:10 centos7-x86-64 kernel: acpiphp: Slot [12] registered
Dec 10 08:33:10 centos7-x86-64 kernel: acpiphp: Slot [13] registered
Dec 10 08:33:10 centos7-x86-64 kernel: acpiphp: Slot [14] registered
Dec 10 08:33:10 centos7-x86-64 kernel: acpiphp: Slot [15] registered
Dec 10 08:33:10 centos7-x86-64 kernel: acpiphp: Slot [16] registered
Dec 10 08:33:10 centos7-x86-64 kernel: acpiphp: Slot [17] registered
Dec 10 08:33:10 centos7-x86-64 kernel: acpiphp: Slot [18] registered
Dec 10 08:33:10 centos7-x86-64 kernel: acpiphp: Slot [19] registered
Dec 10 08:33:10 centos7-x86-64 kernel: acpiphp: Slot [20] registered
Dec 10 08:33:10 centos7-x86-64 kernel: acpiphp: Slot [21] registered
Dec 10 08:33:10 centos7-x86-64 kernel: acpiphp: Slot [22] registered
Dec 10 08:33:10 centos7-x86-64 kernel: acpiphp: Slot [23] registered
Dec 10 08:33:10 centos7-x86-64 kernel: acpiphp: Slot [24] registered
Dec 10 08:33:10 centos7-x86-64 kernel: acpiphp: Slot [25] registered
Dec 10 08:33:10 centos7-x86-64 kernel: acpiphp: Slot [26] registered
Dec 10 08:33:10 centos7-x86-64 kernel: acpiphp: Slot [27] registered
Dec 10 08:33:10 centos7-x86-64 kernel: acpiphp: Slot [28] registered
Dec 10 08:33:10 centos7-x86-64 kernel: acpiphp: Slot [29] registered
Dec 10 08:33:10 centos7-x86-64 kernel: acpiphp: Slot [30] registered
Dec 10 08:33:10 centos7-x86-64 kernel: acpiphp: Slot [31] registered
Dec 10 08:33:10 centos7-x86-64 kernel: PCI host bridge to bus 0000:00
Dec 10 08:33:10 centos7-x86-64 kernel: pci_bus 0000:00: root bus resource [bus 00-ff]
Dec 10 08:33:10 centos7-x86-64 kernel: pci_bus 0000:00: root bus resource [io  0x0000-0x0cf7 window]
Dec 10 08:33:10 centos7-x86-64 kernel: pci_bus 0000:00: root bus resource [io  0x0d00-0xffff window]
Dec 10 08:33:10 centos7-x86-64 kernel: pci_bus 0000:00: root bus resource [mem 0x000a0000-0x000bffff window]
Dec 10 08:33:10 centos7-x86-64 kernel: pci_bus 0000:00: root bus resource [mem 0xf0000000-0xfbffffff window]
Dec 10 08:33:10 centos7-x86-64 kernel: pci 0000:00:01.1: legacy IDE quirk: reg 0x10: [io  0x01f0-0x01f7]
Dec 10 08:33:10 centos7-x86-64 kernel: pci 0000:00:01.1: legacy IDE quirk: reg 0x14: [io  0x03f6]
Dec 10 08:33:10 centos7-x86-64 kernel: pci 0000:00:01.1: legacy IDE quirk: reg 0x18: [io  0x0170-0x0177]
Dec 10 08:33:10 centos7-x86-64 kernel: pci 0000:00:01.1: legacy IDE quirk: reg 0x1c: [io  0x0376]
Dec 10 08:33:10 centos7-x86-64 kernel: * Found PM-Timer Bug on the chipset. Due to workarounds for a bug,#012* this clock source is slow. Consider trying other clock sources
Dec 10 08:33:10 centos7-x86-64 kernel: pci 0000:00:01.3: quirk: [io  0xb000-0xb03f] claimed by PIIX4 ACPI
Dec 10 08:33:10 centos7-x86-64 kernel: ACPI: PCI Interrupt Link [LNKA] (IRQs *5 10 11)
Dec 10 08:33:10 centos7-x86-64 kernel: ACPI: PCI Interrupt Link [LNKB] (IRQs 5 *10 11)
Dec 10 08:33:10 centos7-x86-64 kernel: ACPI: PCI Interrupt Link [LNKC] (IRQs 5 10 *11)
Dec 10 08:33:10 centos7-x86-64 kernel: ACPI: PCI Interrupt Link [LNKD] (IRQs *5 10 11)
Dec 10 08:33:10 centos7-x86-64 kernel: xen:balloon: Initialising balloon driver
Dec 10 08:33:10 centos7-x86-64 kernel: vgaarb: device added: PCI:0000:00:02.0,decodes=io+mem,owns=io+mem,locks=none
Dec 10 08:33:10 centos7-x86-64 kernel: vgaarb: loaded
Dec 10 08:33:10 centos7-x86-64 kernel: vgaarb: bridge control possible 0000:00:02.0
Dec 10 08:33:10 centos7-x86-64 kernel: SCSI subsystem initialized
Dec 10 08:33:10 centos7-x86-64 kernel: ACPI: bus type USB registered
Dec 10 08:33:10 centos7-x86-64 kernel: usbcore: registered new interface driver usbfs
Dec 10 08:33:10 centos7-x86-64 kernel: usbcore: registered new interface driver hub
Dec 10 08:33:10 centos7-x86-64 kernel: usbcore: registered new device driver usb
Dec 10 08:33:10 centos7-x86-64 kernel: EDAC MC: Ver: 3.0.0
Dec 10 08:33:10 centos7-x86-64 kernel: PCI: Using ACPI for IRQ routing
Dec 10 08:33:10 centos7-x86-64 kernel: NetLabel: Initializing
Dec 10 08:33:10 centos7-x86-64 kernel: NetLabel:  domain hash size = 128
Dec 10 08:33:10 centos7-x86-64 kernel: NetLabel:  protocols = UNLABELED CIPSOv4
Dec 10 08:33:10 centos7-x86-64 kernel: NetLabel:  unlabeled traffic allowed by default
Dec 10 08:33:10 centos7-x86-64 kernel: HPET: 3 timers in total, 0 timers will be used for per-cpu timer
Dec 10 08:33:10 centos7-x86-64 kernel: hpet0: at MMIO 0xfed00000, IRQs 2, 8, 0
Dec 10 08:33:10 centos7-x86-64 kernel: hpet0: 3 comparators, 64-bit 62.500000 MHz counter
Dec 10 08:33:10 centos7-x86-64 kernel: amd_nb: Cannot enumerate AMD northbridges
Dec 10 08:33:10 centos7-x86-64 kernel: Switched to clocksource xen
Dec 10 08:33:10 centos7-x86-64 kernel: pnp: PnP ACPI init
Dec 10 08:33:10 centos7-x86-64 kernel: ACPI: bus type PNP registered
Dec 10 08:33:10 centos7-x86-64 kernel: system 00:00: [mem 0x00000000-0x0009ffff] could not be reserved
Dec 10 08:33:10 centos7-x86-64 kernel: system 00:01: [io  0x08a0-0x08a3] has been reserved
Dec 10 08:33:10 centos7-x86-64 kernel: system 00:01: [io  0x0cc0-0x0ccf] has been reserved
Dec 10 08:33:10 centos7-x86-64 kernel: system 00:01: [io  0x04d0-0x04d1] has been reserved
Dec 10 08:33:10 centos7-x86-64 kernel: system 00:08: [io  0x10c0-0x1141] has been reserved
Dec 10 08:33:10 centos7-x86-64 kernel: system 00:08: [io  0xb044-0xb047] has been reserved
Dec 10 08:33:10 centos7-x86-64 kernel: pnp: PnP ACPI: found 9 devices
Dec 10 08:33:10 centos7-x86-64 kernel: ACPI: bus type PNP unregistered
Dec 10 08:33:10 centos7-x86-64 kernel: NET: Registered protocol family 2
Dec 10 08:33:10 centos7-x86-64 kernel: TCP established hash table entries: 32768 (order: 6, 262144 bytes)
Dec 10 08:33:10 centos7-x86-64 kernel: TCP bind hash table entries: 32768 (order: 7, 524288 bytes)
Dec 10 08:33:10 centos7-x86-64 kernel: TCP: Hash tables configured (established 32768 bind 32768)
Dec 10 08:33:10 centos7-x86-64 kernel: TCP: reno registered
Dec 10 08:33:10 centos7-x86-64 kernel: UDP hash table entries: 2048 (order: 4, 65536 bytes)
Dec 10 08:33:10 centos7-x86-64 kernel: UDP-Lite hash table entries: 2048 (order: 4, 65536 bytes)
Dec 10 08:33:10 centos7-x86-64 kernel: NET: Registered protocol family 1
Dec 10 08:33:10 centos7-x86-64 kernel: pci 0000:00:00.0: Limiting direct PCI/PCI transfers
Dec 10 08:33:10 centos7-x86-64 kernel: pci 0000:00:01.0: PIIX3: Enabling Passive Release
Dec 10 08:33:10 centos7-x86-64 kernel: pci 0000:00:01.0: Activating ISA DMA hang workarounds
Dec 10 08:33:10 centos7-x86-64 kernel: Unpacking initramfs...
Dec 10 08:33:10 centos7-x86-64 kernel: Freeing initrd memory: 17696k freed
Dec 10 08:33:10 centos7-x86-64 kernel: PCI-DMA: Using software bounce buffering for IO (SWIOTLB)
Dec 10 08:33:10 centos7-x86-64 kernel: software IO TLB [mem 0xec000000-0xf0000000] (64MB) mapped at [ffff8ed1ac000000-ffff8ed1afffffff]
Dec 10 08:33:10 centos7-x86-64 kernel: RAPL PMU: API unit is 2^-32 Joules, 3 fixed counters, 655360 ms ovfl timer
Dec 10 08:33:10 centos7-x86-64 kernel: RAPL PMU: hw unit of domain pp0-core 2^-14 Joules
Dec 10 08:33:10 centos7-x86-64 kernel: RAPL PMU: hw unit of domain package 2^-14 Joules
Dec 10 08:33:10 centos7-x86-64 kernel: RAPL PMU: hw unit of domain dram 2^-16 Joules
Dec 10 08:33:10 centos7-x86-64 kernel: sha1_ssse3: Using AVX2 optimized SHA-1 implementation
Dec 10 08:33:10 centos7-x86-64 kernel: sha256_ssse3: Using AVX2 optimized SHA-256 implementation
Dec 10 08:33:10 centos7-x86-64 kernel: futex hash table entries: 4096 (order: 6, 262144 bytes)
Dec 10 08:33:10 centos7-x86-64 kernel: Initialise system trusted keyring
Dec 10 08:33:10 centos7-x86-64 kernel: audit: initializing netlink socket (disabled)
Dec 10 08:33:10 centos7-x86-64 kernel: type=2000 audit(1575988388.837:1): initialized
Dec 10 08:33:10 centos7-x86-64 kernel: HugeTLB registered 1 GB page size, pre-allocated 0 pages
Dec 10 08:33:10 centos7-x86-64 kernel: HugeTLB registered 2 MB page size, pre-allocated 0 pages
Dec 10 08:33:10 centos7-x86-64 kernel: zpool: loaded
Dec 10 08:33:10 centos7-x86-64 kernel: zbud: loaded
Dec 10 08:33:10 centos7-x86-64 kernel: VFS: Disk quotas dquot_6.5.2
Dec 10 08:33:10 centos7-x86-64 kernel: Dquot-cache hash table entries: 512 (order 0, 4096 bytes)
Dec 10 08:33:10 centos7-x86-64 kernel: msgmni has been set to 7562
Dec 10 08:33:10 centos7-x86-64 kernel: Key type big_key registered
Dec 10 08:33:10 centos7-x86-64 kernel: NET: Registered protocol family 38
Dec 10 08:33:10 centos7-x86-64 kernel: Key type asymmetric registered
Dec 10 08:33:10 centos7-x86-64 kernel: Asymmetric key parser 'x509' registered
Dec 10 08:33:10 centos7-x86-64 kernel: Block layer SCSI generic (bsg) driver version 0.4 loaded (major 248)
Dec 10 08:33:10 centos7-x86-64 kernel: io scheduler noop registered
Dec 10 08:33:10 centos7-x86-64 kernel: io scheduler deadline registered (default)
Dec 10 08:33:10 centos7-x86-64 kernel: io scheduler cfq registered
Dec 10 08:33:10 centos7-x86-64 kernel: io scheduler mq-deadline registered
Dec 10 08:33:10 centos7-x86-64 kernel: io scheduler kyber registered
Dec 10 08:33:10 centos7-x86-64 kernel: pci_hotplug: PCI Hot Plug PCI Core version: 0.5
Dec 10 08:33:10 centos7-x86-64 kernel: pciehp: PCI Express Hot Plug Controller Driver version: 0.4
Dec 10 08:33:10 centos7-x86-64 kernel: input: Power Button as /devices/LNXSYSTM:00/LNXPWRBN:00/input/input0
Dec 10 08:33:10 centos7-x86-64 kernel: ACPI: Power Button [PWRF]
Dec 10 08:33:10 centos7-x86-64 kernel: input: Sleep Button as /devices/LNXSYSTM:00/LNXSLPBN:00/input/input1
Dec 10 08:33:10 centos7-x86-64 kernel: ACPI: Sleep Button [SLPF]
Dec 10 08:33:10 centos7-x86-64 kernel: GHES: HEST is not enabled!
Dec 10 08:33:10 centos7-x86-64 kernel: xen:grant_table: Grant tables using version 1 layout
Dec 10 08:33:10 centos7-x86-64 kernel: Grant table initialized
Dec 10 08:33:10 centos7-x86-64 kernel: Serial: 8250/16550 driver, 4 ports, IRQ sharing enabled
Dec 10 08:33:10 centos7-x86-64 kernel: 00:06: ttyS0 at I/O 0x3f8 (irq = 4) is a 16550A
Dec 10 08:33:10 centos7-x86-64 kernel: Non-volatile memory driver v1.3
Dec 10 08:33:10 centos7-x86-64 kernel: Linux agpgart interface v0.103
Dec 10 08:33:10 centos7-x86-64 kernel: crash memory driver: version 1.1
Dec 10 08:33:10 centos7-x86-64 kernel: rdac: device handler registered
Dec 10 08:33:10 centos7-x86-64 kernel: hp_sw: device handler registered
Dec 10 08:33:10 centos7-x86-64 kernel: emc: device handler registered
Dec 10 08:33:10 centos7-x86-64 kernel: alua: device handler registered
Dec 10 08:33:10 centos7-x86-64 kernel: libphy: Fixed MDIO Bus: probed
Dec 10 08:33:10 centos7-x86-64 kernel: ehci_hcd: USB 2.0 'Enhanced' Host Controller (EHCI) Driver
Dec 10 08:33:10 centos7-x86-64 kernel: ehci-pci: EHCI PCI platform driver
Dec 10 08:33:10 centos7-x86-64 kernel: ohci_hcd: USB 1.1 'Open' Host Controller (OHCI) Driver
Dec 10 08:33:10 centos7-x86-64 kernel: ohci-pci: OHCI PCI platform driver
Dec 10 08:33:10 centos7-x86-64 kernel: uhci_hcd: USB Universal Host Controller Interface driver
Dec 10 08:33:10 centos7-x86-64 kernel: uhci_hcd 0000:00:01.2: UHCI Host Controller
Dec 10 08:33:10 centos7-x86-64 kernel: uhci_hcd 0000:00:01.2: new USB bus registered, assigned bus number 1
Dec 10 08:33:10 centos7-x86-64 kernel: uhci_hcd 0000:00:01.2: detected 2 ports
Dec 10 08:33:10 centos7-x86-64 kernel: uhci_hcd 0000:00:01.2: irq 23, io base 0x0000c300
Dec 10 08:33:10 centos7-x86-64 kernel: usb usb1: New USB device found, idVendor=1d6b, idProduct=0001
Dec 10 08:33:10 centos7-x86-64 kernel: usb usb1: New USB device strings: Mfr=3, Product=2, SerialNumber=1
Dec 10 08:33:10 centos7-x86-64 kernel: usb usb1: Product: UHCI Host Controller
Dec 10 08:33:10 centos7-x86-64 kernel: usb usb1: Manufacturer: Linux 3.10.0-862.el7.x86_64 uhci_hcd
Dec 10 08:33:10 centos7-x86-64 kernel: usb usb1: SerialNumber: 0000:00:01.2
Dec 10 08:33:10 centos7-x86-64 kernel: hub 1-0:1.0: USB hub found
Dec 10 08:33:10 centos7-x86-64 kernel: hub 1-0:1.0: 2 ports detected
Dec 10 08:33:10 centos7-x86-64 kernel: usbcore: registered new interface driver usbserial
Dec 10 08:33:10 centos7-x86-64 kernel: usbcore: registered new interface driver usbserial_generic
Dec 10 08:33:10 centos7-x86-64 kernel: usbserial: USB Serial support registered for generic
Dec 10 08:33:10 centos7-x86-64 kernel: i8042: PNP: PS/2 Controller [PNP0303:PS2K,PNP0f13:PS2M] at 0x60,0x64 irq 1,12
Dec 10 08:33:10 centos7-x86-64 kernel: serio: i8042 KBD port at 0x60,0x64 irq 1
Dec 10 08:33:10 centos7-x86-64 kernel: serio: i8042 AUX port at 0x60,0x64 irq 12
Dec 10 08:33:10 centos7-x86-64 kernel: mousedev: PS/2 mouse device common for all mice
Dec 10 08:33:10 centos7-x86-64 kernel: input: AT Translated Set 2 keyboard as /devices/platform/i8042/serio0/input/input2
Dec 10 08:33:10 centos7-x86-64 kernel: rtc_cmos 00:02: rtc core: registered rtc_cmos as rtc0
Dec 10 08:33:10 centos7-x86-64 kernel: rtc_cmos 00:02: alarms up to one day, 114 bytes nvram, hpet irqs
Dec 10 08:33:10 centos7-x86-64 kernel: cpuidle: using governor menu
Dec 10 08:33:10 centos7-x86-64 kernel: hidraw: raw HID events driver (C) Jiri Kosina
Dec 10 08:33:10 centos7-x86-64 kernel: usbcore: registered new interface driver usbhid
Dec 10 08:33:10 centos7-x86-64 kernel: usbhid: USB HID core driver
Dec 10 08:33:10 centos7-x86-64 kernel: drop_monitor: Initializing network drop monitor service
Dec 10 08:33:10 centos7-x86-64 kernel: TCP: cubic registered
Dec 10 08:33:10 centos7-x86-64 kernel: Initializing XFRM netlink socket
Dec 10 08:33:10 centos7-x86-64 kernel: NET: Registered protocol family 10
Dec 10 08:33:10 centos7-x86-64 kernel: hpet1: lost 3 rtc interrupts
Dec 10 08:33:10 centos7-x86-64 kernel: NET: Registered protocol family 17
Dec 10 08:33:10 centos7-x86-64 kernel: mpls_gso: MPLS GSO support
Dec 10 08:33:10 centos7-x86-64 kernel: microcode: CPU0 sig=0x406f1, pf=0x1, revision=0xb00002a
Dec 10 08:33:10 centos7-x86-64 kernel: microcode: CPU1 sig=0x406f1, pf=0x1, revision=0xb00002a
Dec 10 08:33:10 centos7-x86-64 kernel: microcode: CPU2 sig=0x406f1, pf=0x1, revision=0xb00002a
Dec 10 08:33:10 centos7-x86-64 kernel: microcode: CPU3 sig=0x406f1, pf=0x1, revision=0xb00002a
Dec 10 08:33:10 centos7-x86-64 kernel: microcode: Microcode Update Driver: v2.01 <tigran@aivazian.fsnet.co.uk>, Peter Oruba
Dec 10 08:33:10 centos7-x86-64 kernel: Loading compiled-in X.509 certificates
Dec 10 08:33:10 centos7-x86-64 kernel: Loaded X.509 cert 'CentOS Linux kpatch signing key: ea0413152cde1d98ebdca3fe6f0230904c9ef717'
Dec 10 08:33:10 centos7-x86-64 kernel: Loaded X.509 cert 'CentOS Linux Driver update signing key: 7f421ee0ab69461574bb358861dbe77762a4201b'
Dec 10 08:33:10 centos7-x86-64 kernel: Loaded X.509 cert 'CentOS Linux kernel signing key: 3af3ce8a74696ef1bd0f37e552627b7109e32b96'
Dec 10 08:33:10 centos7-x86-64 kernel: registered taskstats version 1
Dec 10 08:33:10 centos7-x86-64 kernel: Key type trusted registered
Dec 10 08:33:10 centos7-x86-64 kernel: Key type encrypted registered
Dec 10 08:33:10 centos7-x86-64 kernel: IMA: No TPM chip found, activating TPM-bypass! (rc=-19)
Dec 10 08:33:10 centos7-x86-64 kernel: xenbus_probe_frontend: Device with no driver: device/vbd/832
Dec 10 08:33:10 centos7-x86-64 kernel: xenbus_probe_frontend: Device with no driver: device/vbd/768
Dec 10 08:33:10 centos7-x86-64 kernel: xenbus_probe_frontend: Device with no driver: device/vbd/5696
Dec 10 08:33:10 centos7-x86-64 kernel: xenbus_probe_frontend: Device with no driver: device/vif/0
Dec 10 08:33:10 centos7-x86-64 kernel: xenbus_probe_frontend: Device with no driver: device/vif/1
Dec 10 08:33:10 centos7-x86-64 kernel:  Magic number: 15:302:586
Dec 10 08:33:10 centos7-x86-64 kernel: rtc_cmos 00:02: setting system clock to 2019-12-10 14:33:09 UTC (1575988389)
Dec 10 08:33:10 centos7-x86-64 kernel: Freeing unused kernel memory: 1832k freed
Dec 10 08:33:10 centos7-x86-64 kernel: Write protecting the kernel read-only data: 12288k
Dec 10 08:33:10 centos7-x86-64 kernel: Freeing unused kernel memory: 856k freed
Dec 10 08:33:10 centos7-x86-64 kernel: Freeing unused kernel memory: 684k freed
Dec 10 08:33:10 centos7-x86-64 systemd[1]: systemd 219 running in system mode. (+PAM +AUDIT +SELINUX +IMA -APPARMOR +SMACK +SYSVINIT +UTMP +LIBCRYPTSETUP +GCRYPT +GNUTLS +ACL +XZ +LZ4 -SECCOMP +BLKID +ELFUTILS +KMOD +IDN)
Dec 10 08:33:10 centos7-x86-64 systemd[1]: Detected virtualization xen.
Dec 10 08:33:10 centos7-x86-64 systemd[1]: Detected architecture x86-64.
Dec 10 08:33:10 centos7-x86-64 systemd[1]: Running in initial RAM disk.
Dec 10 08:33:10 centos7-x86-64 kernel: usb 1-2: new full-speed USB device number 2 using uhci_hcd
Dec 10 08:33:10 centos7-x86-64 systemd[1]: Set hostname to <centos7-x86-64>.
Dec 10 08:33:10 centos7-x86-64 systemd[1]: Reached target Swap.
Dec 10 08:33:10 centos7-x86-64 systemd[1]: Starting Swap.
Dec 10 08:33:10 centos7-x86-64 systemd[1]: Reached target Local File Systems.
Dec 10 08:33:10 centos7-x86-64 systemd[1]: Starting Local File Systems.
Dec 10 08:33:10 centos7-x86-64 systemd[1]: Reached target Timers.
Dec 10 08:33:10 centos7-x86-64 systemd[1]: Starting Timers.
Dec 10 08:33:10 centos7-x86-64 systemd[1]: Created slice Root Slice.
Dec 10 08:33:10 centos7-x86-64 systemd[1]: Starting Root Slice.
Dec 10 08:33:10 centos7-x86-64 systemd[1]: Listening on udev Kernel Socket.
Dec 10 08:33:10 centos7-x86-64 systemd[1]: Starting udev Kernel Socket.
Dec 10 08:33:10 centos7-x86-64 systemd[1]: Listening on Journal Socket.
Dec 10 08:33:10 centos7-x86-64 systemd[1]: Starting Journal Socket.
Dec 10 08:33:10 centos7-x86-64 systemd[1]: Listening on udev Control Socket.
Dec 10 08:33:10 centos7-x86-64 systemd[1]: Starting udev Control Socket.
Dec 10 08:33:10 centos7-x86-64 systemd[1]: Reached target Sockets.
Dec 10 08:33:10 centos7-x86-64 systemd[1]: Starting Sockets.
Dec 10 08:33:10 centos7-x86-64 systemd[1]: Created slice System Slice.
Dec 10 08:33:10 centos7-x86-64 systemd[1]: Starting System Slice.
Dec 10 08:33:10 centos7-x86-64 systemd[1]: Reached target Slices.
Dec 10 08:33:10 centos7-x86-64 systemd[1]: Starting Slices.
Dec 10 08:33:10 centos7-x86-64 systemd[1]: Starting Create list of required static device nodes for the current kernel...
Dec 10 08:33:10 centos7-x86-64 kernel: usb 1-2: New USB device found, idVendor=0627, idProduct=0001
Dec 10 08:33:10 centos7-x86-64 kernel: usb 1-2: New USB device strings: Mfr=3, Product=2, SerialNumber=1
Dec 10 08:33:10 centos7-x86-64 kernel: usb 1-2: Product: QEMU USB Tablet
Dec 10 08:33:10 centos7-x86-64 kernel: usb 1-2: Manufacturer: QEMU 0.10.2
Dec 10 08:33:10 centos7-x86-64 kernel: usb 1-2: SerialNumber: 1
Dec 10 08:33:10 centos7-x86-64 kernel: tsc: Refined TSC clocksource calibration: 2199.999 MHz
Dec 10 08:33:10 centos7-x86-64 systemd[1]: Starting Setup Virtual Console...
Dec 10 08:33:10 centos7-x86-64 systemd[1]: Starting Journal Service...
Dec 10 08:33:10 centos7-x86-64 systemd[1]: Starting dracut cmdline hook...
Dec 10 08:33:10 centos7-x86-64 journal: Journal started
Dec 10 08:33:10 centos7-x86-64 kernel: input: QEMU 0.10.2 QEMU USB Tablet as /devices/pci0000:00/0000:00:01.2/usb1/1-2/1-2:1.0/input/input3
Dec 10 08:33:10 centos7-x86-64 kernel: hid-generic 0003:0627:0001.0001: input,hidraw0: USB HID v0.01 Pointer [QEMU 0.10.2 QEMU USB Tablet] on usb-0000:00:01.2-2/input0
Dec 10 08:33:10 centos7-x86-64 systemd[1]: Starting Apply Kernel Variables...
Dec 10 08:33:10 centos7-x86-64 systemd[1]: Started Journal Service.
Dec 10 08:33:10 centos7-x86-64 systemd: Started Create list of required static device nodes for the current kernel.
Dec 10 08:33:10 centos7-x86-64 systemd: Started Setup Virtual Console.
Dec 10 08:33:10 centos7-x86-64 systemd: Started Apply Kernel Variables.
Dec 10 08:33:10 centos7-x86-64 systemd: Started dracut cmdline hook.
Dec 10 08:33:10 centos7-x86-64 systemd: Starting dracut pre-udev hook...
Dec 10 08:33:10 centos7-x86-64 systemd: Starting Create Static Device Nodes in /dev...
Dec 10 08:33:10 centos7-x86-64 systemd: Started Create Static Device Nodes in /dev.
Dec 10 08:33:10 centos7-x86-64 kernel: random: crng init done
Dec 10 08:33:10 centos7-x86-64 systemd: Started dracut pre-udev hook.
Dec 10 08:33:10 centos7-x86-64 systemd: Starting udev Kernel Device Manager...
Dec 10 08:33:10 centos7-x86-64 systemd-udevd: starting version 219
Dec 10 08:33:10 centos7-x86-64 systemd: Started udev Kernel Device Manager.
Dec 10 08:33:10 centos7-x86-64 systemd: Starting udev Coldplug all Devices...
Dec 10 08:33:10 centos7-x86-64 systemd: Mounting Configuration File System...
Dec 10 08:33:10 centos7-x86-64 systemd: Mounted Configuration File System.
Dec 10 08:33:10 centos7-x86-64 systemd: Started udev Coldplug all Devices.
Dec 10 08:33:10 centos7-x86-64 systemd: Starting dracut initqueue hook...
Dec 10 08:33:10 centos7-x86-64 systemd: Starting Show Plymouth Boot Screen...
Dec 10 08:33:10 centos7-x86-64 systemd: Reached target System Initialization.
Dec 10 08:33:10 centos7-x86-64 systemd: Starting System Initialization.
Dec 10 08:33:10 centos7-x86-64 kernel: input: ImExPS/2 Generic Explorer Mouse as /devices/platform/i8042/serio1/input/input4
Dec 10 08:33:10 centos7-x86-64 kernel: xen_netfront: Initialising Xen virtual ethernet driver
Dec 10 08:33:10 centos7-x86-64 kernel: vbd vbd-5696: 19 xenbus_dev_probe on device/vbd/5696
Dec 10 08:33:10 centos7-x86-64 kernel: blkfront: xvdb: barrier: enabled; persistent grants: disabled; indirect descriptors: disabled;
Dec 10 08:33:10 centos7-x86-64 kernel: xvdb: xvdb1
Dec 10 08:33:10 centos7-x86-64 kernel: blkfront: xvda: barrier: enabled; persistent grants: disabled; indirect descriptors: disabled;
Dec 10 08:33:10 centos7-x86-64 kernel: xvda: xvda1 xvda2
Dec 10 08:33:10 centos7-x86-64 kernel: scsi host0: ata_piix
Dec 10 08:33:10 centos7-x86-64 kernel: scsi host1: ata_piix
Dec 10 08:33:10 centos7-x86-64 kernel: ata1: PATA max MWDMA2 cmd 0x1f0 ctl 0x3f6 bmdma 0xc320 irq 14
Dec 10 08:33:10 centos7-x86-64 kernel: ata2: PATA max MWDMA2 cmd 0x170 ctl 0x376 bmdma 0xc328 irq 15
Dec 10 08:33:10 centos7-x86-64 systemd: Received SIGRTMIN+20 from PID 245 (plymouthd).
Dec 10 08:33:10 centos7-x86-64 systemd: Started Show Plymouth Boot Screen.
Dec 10 08:33:10 centos7-x86-64 systemd: Started Forward Password Requests to Plymouth Directory Watch.
Dec 10 08:33:10 centos7-x86-64 systemd: Starting Forward Password Requests to Plymouth Directory Watch.
Dec 10 08:33:10 centos7-x86-64 systemd: Reached target Paths.
Dec 10 08:33:10 centos7-x86-64 systemd: Starting Paths.
Dec 10 08:33:10 centos7-x86-64 systemd: Reached target Basic System.
Dec 10 08:33:10 centos7-x86-64 systemd: Starting Basic System.
Dec 10 08:33:10 centos7-x86-64 systemd: Found device /dev/disk/by-uuid/6651ae10-5bca-4205-a46b-947360820267.
Dec 10 08:33:10 centos7-x86-64 systemd: Starting File System Check on /dev/disk/by-uuid/6651ae10-5bca-4205-a46b-947360820267...
Dec 10 08:33:10 centos7-x86-64 kernel: ata2.01: ATAPI: QEMU DVD-ROM, 0.10.2, max UDMA/100
Dec 10 08:33:10 centos7-x86-64 kernel: ata2.01: configured for MWDMA2
Dec 10 08:33:10 centos7-x86-64 kernel: scsi 1:0:1:0: CD-ROM            QEMU     QEMU DVD-ROM     0.10 PQ: 0 ANSI: 5
Dec 10 08:33:10 centos7-x86-64 kernel: sr 1:0:1:0: [sr0] scsi3-mmc drive: 4x/4x xa/form2 tray
Dec 10 08:33:10 centos7-x86-64 kernel: cdrom: Uniform CD-ROM driver Revision: 3.20
Dec 10 08:33:10 centos7-x86-64 systemd: Started dracut initqueue hook.
Dec 10 08:33:10 centos7-x86-64 systemd: Reached target Remote File Systems (Pre).
Dec 10 08:33:10 centos7-x86-64 systemd: Starting Remote File Systems (Pre).
Dec 10 08:33:10 centos7-x86-64 systemd: Reached target Remote File Systems.
Dec 10 08:33:10 centos7-x86-64 systemd: Starting Remote File Systems.
Dec 10 08:33:11 centos7-x86-64 systemd-fsck: /dev/xvda2: clean, 25716/6488064 files, 678812/25952000 blocks
Dec 10 08:33:11 centos7-x86-64 systemd: Started File System Check on /dev/disk/by-uuid/6651ae10-5bca-4205-a46b-947360820267.
Dec 10 08:33:11 centos7-x86-64 systemd: Mounting /sysroot...
Dec 10 08:33:11 centos7-x86-64 kernel: EXT4-fs (xvda2): mounting ext3 file system using the ext4 subsystem
Dec 10 08:33:11 centos7-x86-64 systemd: Mounted /sysroot.
Dec 10 08:33:11 centos7-x86-64 systemd: Reached target Initrd Root File System.
Dec 10 08:33:11 centos7-x86-64 kernel: EXT4-fs (xvda2): mounted filesystem with ordered data mode. Opts: (null)
Dec 10 08:33:11 centos7-x86-64 systemd: Starting Initrd Root File System.
Dec 10 08:33:11 centos7-x86-64 systemd: Starting Reload Configuration from the Real Root...
Dec 10 08:33:11 centos7-x86-64 systemd: Reloading.
Dec 10 08:33:11 centos7-x86-64 systemd: Started Reload Configuration from the Real Root.
Dec 10 08:33:11 centos7-x86-64 systemd: Reached target Initrd File Systems.
Dec 10 08:33:11 centos7-x86-64 systemd: Starting Initrd File Systems.
Dec 10 08:33:11 centos7-x86-64 systemd: Reached target Initrd Default Target.
Dec 10 08:33:11 centos7-x86-64 systemd: Starting Initrd Default Target.
Dec 10 08:33:11 centos7-x86-64 systemd: Starting dracut pre-pivot and cleanup hook...
Dec 10 08:33:11 centos7-x86-64 systemd: Started dracut pre-pivot and cleanup hook.
Dec 10 08:33:11 centos7-x86-64 systemd: Starting Cleaning Up and Shutting Down Daemons...
Dec 10 08:33:11 centos7-x86-64 systemd: Starting Plymouth switch root service...
Dec 10 08:33:11 centos7-x86-64 systemd: Stopped target Timers.
Dec 10 08:33:11 centos7-x86-64 systemd: Stopping Timers.
Dec 10 08:33:11 centos7-x86-64 systemd: Stopped Cleaning Up and Shutting Down Daemons.
Dec 10 08:33:11 centos7-x86-64 systemd: Stopped dracut pre-pivot and cleanup hook.
Dec 10 08:33:11 centos7-x86-64 systemd: Stopping dracut pre-pivot and cleanup hook...
Dec 10 08:33:11 centos7-x86-64 systemd: Stopped target Remote File Systems.
Dec 10 08:33:11 centos7-x86-64 systemd: Stopping Remote File Systems.
Dec 10 08:33:11 centos7-x86-64 systemd: Stopped target Remote File Systems (Pre).
Dec 10 08:33:11 centos7-x86-64 systemd: Stopping Remote File Systems (Pre).
Dec 10 08:33:11 centos7-x86-64 systemd: Stopped dracut initqueue hook.
Dec 10 08:33:11 centos7-x86-64 systemd: Stopping dracut initqueue hook...
Dec 10 08:33:11 centos7-x86-64 systemd: Stopped target Initrd Default Target.
Dec 10 08:33:11 centos7-x86-64 systemd: Stopping Initrd Default Target.
Dec 10 08:33:11 centos7-x86-64 systemd: Stopped target Basic System.
Dec 10 08:33:11 centos7-x86-64 systemd: Stopping Basic System.
Dec 10 08:33:11 centos7-x86-64 systemd: Stopped target Slices.
Dec 10 08:33:11 centos7-x86-64 systemd: Stopping Slices.
Dec 10 08:33:11 centos7-x86-64 systemd: Stopped target Paths.
Dec 10 08:33:11 centos7-x86-64 systemd: Stopping Paths.
Dec 10 08:33:11 centos7-x86-64 systemd: Stopped target Sockets.
Dec 10 08:33:11 centos7-x86-64 systemd: Stopping Sockets.
Dec 10 08:33:11 centos7-x86-64 systemd: Stopped target System Initialization.
Dec 10 08:33:11 centos7-x86-64 systemd: Stopping System Initialization.
Dec 10 08:33:11 centos7-x86-64 systemd: Stopped target Local File Systems.
Dec 10 08:33:11 centos7-x86-64 systemd: Stopping Local File Systems.
Dec 10 08:33:11 centos7-x86-64 systemd: Stopping udev Kernel Device Manager...
Dec 10 08:33:11 centos7-x86-64 systemd: Stopped Apply Kernel Variables.
Dec 10 08:33:11 centos7-x86-64 systemd: Stopping Apply Kernel Variables...
Dec 10 08:33:11 centos7-x86-64 systemd: Stopped udev Coldplug all Devices.
Dec 10 08:33:11 centos7-x86-64 systemd: Stopping udev Coldplug all Devices...
Dec 10 08:33:11 centos7-x86-64 systemd: Stopped target Swap.
Dec 10 08:33:11 centos7-x86-64 systemd: Stopping Swap.
Dec 10 08:33:11 centos7-x86-64 systemd: Stopped udev Kernel Device Manager.
Dec 10 08:33:11 centos7-x86-64 systemd: Stopped Create Static Device Nodes in /dev.
Dec 10 08:33:11 centos7-x86-64 systemd: Stopping Create Static Device Nodes in /dev...
Dec 10 08:33:11 centos7-x86-64 systemd: Stopped Create list of required static device nodes for the current kernel.
Dec 10 08:33:11 centos7-x86-64 systemd: Stopping Create list of required static device nodes for the current kernel...
Dec 10 08:33:11 centos7-x86-64 systemd: Stopped dracut pre-udev hook.
Dec 10 08:33:11 centos7-x86-64 systemd: Stopping dracut pre-udev hook...
Dec 10 08:33:11 centos7-x86-64 systemd: Stopped dracut cmdline hook.
Dec 10 08:33:11 centos7-x86-64 systemd: Stopping dracut cmdline hook...
Dec 10 08:33:11 centos7-x86-64 systemd: Closed udev Kernel Socket.
Dec 10 08:33:11 centos7-x86-64 systemd: Stopping udev Kernel Socket.
Dec 10 08:33:11 centos7-x86-64 systemd: Closed udev Control Socket.
Dec 10 08:33:11 centos7-x86-64 systemd: Stopping udev Control Socket.
Dec 10 08:33:11 centos7-x86-64 systemd: Starting Cleanup udevd DB...
Dec 10 08:33:11 centos7-x86-64 systemd: Started Cleanup udevd DB.
Dec 10 08:33:11 centos7-x86-64 systemd: Reached target Switch Root.
Dec 10 08:33:11 centos7-x86-64 systemd: Starting Switch Root.
Dec 10 08:33:11 centos7-x86-64 systemd: Started Plymouth switch root service.
Dec 10 08:33:11 centos7-x86-64 systemd: Starting Switch Root...
Dec 10 08:33:11 centos7-x86-64 systemd: Switching root.
Dec 10 08:33:11 centos7-x86-64 journal: Journal stopped
Dec 10 08:33:13 centos7-x86-64 journal: Runtime journal is using 8.0M (max allowed 189.2M, trying to leave 283.8M free of 1.8G available → current limit 189.2M).
Dec 10 08:33:13 centos7-x86-64 systemd-journald[110]: Received SIGTERM from PID 1 (systemd).
Dec 10 08:33:13 centos7-x86-64 kernel: type=1403 audit(1575988393.017:2): policy loaded auid=4294967295 ses=4294967295
Dec 10 08:33:13 centos7-x86-64 systemd[1]: Successfully loaded SELinux policy in 299.635ms.
Dec 10 08:33:13 centos7-x86-64 kernel: ip_tables: (C) 2000-2006 Netfilter Core Team
Dec 10 08:33:13 centos7-x86-64 systemd[1]: Inserted module 'ip_tables'
Dec 10 08:33:13 centos7-x86-64 systemd[1]: Relabelled /dev and /run in 17.460ms.
Dec 10 08:33:13 centos7-x86-64 journal: Journal started
Dec 10 08:33:13 centos7-x86-64 systemd: systemd 219 running in system mode. (+PAM +AUDIT +SELINUX +IMA -APPARMOR +SMACK +SYSVINIT +UTMP +LIBCRYPTSETUP +GCRYPT +GNUTLS +ACL +XZ +LZ4 -SECCOMP +BLKID +ELFUTILS +KMOD +IDN)
Dec 10 08:33:13 centos7-x86-64 systemd: Detected virtualization xen.
Dec 10 08:33:13 centos7-x86-64 systemd: Detected architecture x86-64.
Dec 10 08:33:13 centos7-x86-64 systemd: Set hostname to <centos7-x86-64>.
Dec 10 08:33:13 centos7-x86-64 systemd: Started Apply Kernel Variables.
Dec 10 08:33:13 centos7-x86-64 systemd: Started Create list of required static device nodes for the current kernel.
Dec 10 08:33:13 centos7-x86-64 systemd: Starting Create Static Device Nodes in /dev...
Dec 10 08:33:13 centos7-x86-64 systemd: Mounted Debug File System.
Dec 10 08:33:13 centos7-x86-64 systemd: Mounted Huge Pages File System.
Dec 10 08:33:13 centos7-x86-64 systemd: Mounted POSIX Message Queue File System.
Dec 10 08:33:13 centos7-x86-64 kernel: EXT4-fs (xvda2): re-mounted. Opts: (null)
Dec 10 08:33:13 centos7-x86-64 systemd: Started Remount Root and Kernel File Systems.
Dec 10 08:33:13 centos7-x86-64 systemd: Starting Flush Journal to Persistent Storage...
Dec 10 08:33:13 centos7-x86-64 systemd: Starting Configure read-only root support...
Dec 10 08:33:13 centos7-x86-64 systemd: Starting Load/Save Random Seed...
Dec 10 08:33:13 centos7-x86-64 systemd: Starting Rebuild Hardware Database...
Dec 10 08:33:13 centos7-x86-64 systemd: Started Read and set NIS domainname from /etc/sysconfig/network.
Dec 10 08:33:13 centos7-x86-64 systemd: Started Load/Save Random Seed.
Dec 10 08:33:13 centos7-x86-64 systemd: Started Create Static Device Nodes in /dev.
Dec 10 08:33:13 centos7-x86-64 systemd: Started Flush Journal to Persistent Storage.
Dec 10 08:33:13 centos7-x86-64 systemd: Starting udev Kernel Device Manager...
Dec 10 08:33:13 centos7-x86-64 systemd: Reached target Local File Systems (Pre).
Dec 10 08:33:13 centos7-x86-64 systemd: Starting Local File Systems (Pre).
Dec 10 08:33:13 centos7-x86-64 systemd-udevd: starting version 219
Dec 10 08:33:13 centos7-x86-64 systemd: Started Configure read-only root support.
Dec 10 08:33:13 centos7-x86-64 systemd: Started udev Kernel Device Manager.
Dec 10 08:33:13 centos7-x86-64 systemd: Started Rebuild Hardware Database.
Dec 10 08:33:13 centos7-x86-64 systemd: Starting udev Coldplug all Devices...
Dec 10 08:33:14 centos7-x86-64 systemd: Started udev Coldplug all Devices.
Dec 10 08:33:14 centos7-x86-64 kernel: parport_pc 00:07: reported by Plug and Play ACPI
Dec 10 08:33:14 centos7-x86-64 kernel: parport0: PC-style at 0x378, irq 7 [PCSPP,TRISTATE]
Dec 10 08:33:14 centos7-x86-64 kernel: FDC 0 is a S82078B
Dec 10 08:33:14 centos7-x86-64 kernel: input: PC Speaker as /devices/platform/pcspkr/input/input5
Dec 10 08:33:14 centos7-x86-64 kernel: piix4_smbus 0000:00:01.3: SMBus base address uninitialized - upgrade BIOS or use force_addr=0xaddr
Dec 10 08:33:14 centos7-x86-64 kernel: sr 1:0:1:0: Attached scsi generic sg0 type 5
Dec 10 08:33:14 centos7-x86-64 systemd: Found device /dev/hvc0.
Dec 10 08:33:14 centos7-x86-64 kernel: cryptd: max_cpu_qlen set to 100
Dec 10 08:33:14 centos7-x86-64 systemd: Found device /dev/disk/by-uuid/77b1aa7b-2e2e-4c75-a62c-f20ce468de18.
Dec 10 08:33:14 centos7-x86-64 systemd: Activating swap /dev/disk/by-uuid/77b1aa7b-2e2e-4c75-a62c-f20ce468de18...
Dec 10 08:33:14 centos7-x86-64 kernel: AVX2 version of gcm_enc/dec engaged.
Dec 10 08:33:14 centos7-x86-64 kernel: ppdev: user-space parallel port driver
Dec 10 08:33:14 centos7-x86-64 kernel: AES CTR mode by8 optimization enabled
Dec 10 08:33:14 centos7-x86-64 kernel: alg: No test for __gcm-aes-aesni (__driver-gcm-aes-aesni)
Dec 10 08:33:14 centos7-x86-64 kernel: alg: No test for __generic-gcm-aes-aesni (__driver-generic-gcm-aes-aesni)
Dec 10 08:33:14 centos7-x86-64 kernel: Adding 2096124k swap on /dev/xvdb1.  Priority:-1 extents:1 across:2096124k SSFS
Dec 10 08:33:14 centos7-x86-64 systemd: Activated swap /dev/disk/by-uuid/77b1aa7b-2e2e-4c75-a62c-f20ce468de18.
Dec 10 08:33:14 centos7-x86-64 systemd: Reached target Swap.
Dec 10 08:33:14 centos7-x86-64 systemd: Starting Swap.
Dec 10 08:33:14 centos7-x86-64 kernel: [TTM] Zone  kernel: Available graphics memory: 1937736 kiB
Dec 10 08:33:14 centos7-x86-64 kernel: [TTM] Initializing pool allocator
Dec 10 08:33:14 centos7-x86-64 kernel: [TTM] Initializing DMA pool allocator
Dec 10 08:33:14 centos7-x86-64 kernel: [drm] fb mappable at 0xF0000000
Dec 10 08:33:14 centos7-x86-64 kernel: [drm] vram aper at 0xF0000000
Dec 10 08:33:14 centos7-x86-64 kernel: [drm] size 33554432
Dec 10 08:33:14 centos7-x86-64 kernel: [drm] fb depth is 24
Dec 10 08:33:14 centos7-x86-64 kernel: [drm]    pitch is 3072
Dec 10 08:33:14 centos7-x86-64 kernel: fbcon: cirrusdrmfb (fb0) is primary device
Dec 10 08:33:14 centos7-x86-64 kernel: intel_rapl: Found RAPL domain package
Dec 10 08:33:14 centos7-x86-64 kernel: intel_rapl: Found RAPL domain dram
Dec 10 08:33:14 centos7-x86-64 kernel: intel_rapl: DRAM domain energy unit 15300pj
Dec 10 08:33:14 centos7-x86-64 kernel: intel_rapl: Found RAPL domain package
Dec 10 08:33:14 centos7-x86-64 kernel: intel_rapl: Found RAPL domain dram
Dec 10 08:33:14 centos7-x86-64 kernel: intel_rapl: DRAM domain energy unit 15300pj
Dec 10 08:33:14 centos7-x86-64 kernel: EDAC sbridge:  Ver: 1.1.1 
Dec 10 08:33:14 centos7-x86-64 kernel: Console: switching to colour frame buffer device 128x48
Dec 10 08:33:14 centos7-x86-64 kernel: cirrus 0000:00:02.0: fb0: cirrusdrmfb frame buffer device
Dec 10 08:33:14 centos7-x86-64 kernel: [drm] Initialized cirrus 1.0.0 20110418 for 0000:00:02.0 on minor 0
Dec 10 08:33:17 centos7-x86-64 systemd: Found device /dev/disk/by-uuid/723fd7b7-1262-42d8-9593-55ad0f278196.
Dec 10 08:33:17 centos7-x86-64 systemd: Starting File System Check on /dev/disk/by-uuid/723fd7b7-1262-42d8-9593-55ad0f278196...
Dec 10 08:33:18 centos7-x86-64 systemd-fsck: /dev/xvda1: clean, 334/65536 files, 35880/262144 blocks
Dec 10 08:33:18 centos7-x86-64 systemd: Started File System Check on /dev/disk/by-uuid/723fd7b7-1262-42d8-9593-55ad0f278196.
Dec 10 08:33:18 centos7-x86-64 systemd: Mounting /boot...
Dec 10 08:33:18 centos7-x86-64 kernel: EXT4-fs (xvda1): mounting ext3 file system using the ext4 subsystem
Dec 10 08:33:18 centos7-x86-64 kernel: EXT4-fs (xvda1): mounted filesystem with ordered data mode. Opts: (null)
Dec 10 08:33:18 centos7-x86-64 systemd: Mounted /boot.
Dec 10 08:33:18 centos7-x86-64 systemd: Reached target Local File Systems.
Dec 10 08:33:18 centos7-x86-64 systemd: Starting Local File Systems.
Dec 10 08:33:18 centos7-x86-64 systemd: Starting Rebuild Journal Catalog...
Dec 10 08:33:18 centos7-x86-64 systemd: Starting Migrate local SELinux policy changes from the old store structure to the new structure...
Dec 10 08:33:18 centos7-x86-64 systemd: Starting Import network configuration from initramfs...
Dec 10 08:33:18 centos7-x86-64 systemd: Starting Tell Plymouth To Write Out Runtime Data...
Dec 10 08:33:18 centos7-x86-64 systemd: Started Rebuild Journal Catalog.
Dec 10 08:33:18 centos7-x86-64 systemd: Starting Update is Completed...
Dec 10 08:33:18 centos7-x86-64 systemd: Started Update is Completed.
Dec 10 08:33:18 centos7-x86-64 systemd: Started Tell Plymouth To Write Out Runtime Data.
Dec 10 08:33:18 centos7-x86-64 systemd: Started Migrate local SELinux policy changes from the old store structure to the new structure.
Dec 10 08:33:18 centos7-x86-64 systemd: Started Import network configuration from initramfs.
Dec 10 08:33:18 centos7-x86-64 systemd: Starting Create Volatile Files and Directories...
Dec 10 08:33:18 centos7-x86-64 systemd: Started Create Volatile Files and Directories.
Dec 10 08:33:18 centos7-x86-64 systemd: Starting Security Auditing Service...
Dec 10 08:33:19 centos7-x86-64 auditd[510]: Started dispatcher: /sbin/audispd pid: 512
Dec 10 08:33:19 centos7-x86-64 kernel: type=1305 audit(1575988399.038:3): audit_pid=510 old=0 auid=4294967295 ses=4294967295 subj=system_u:system_r:auditd_t:s0 res=1
Dec 10 08:33:19 centos7-x86-64 audispd: No plugins found, exiting
Dec 10 08:33:19 centos7-x86-64 auditd[510]: dispatcher 512 reaped
Dec 10 08:33:19 centos7-x86-64 auditd[510]: Init complete, auditd 2.8.1 listening for events (startup state enable)
Dec 10 08:33:19 centos7-x86-64 augenrules: No rules
Dec 10 08:33:19 centos7-x86-64 augenrules: enabled 1
Dec 10 08:33:19 centos7-x86-64 augenrules: failure 1
Dec 10 08:33:19 centos7-x86-64 augenrules: pid 510
Dec 10 08:33:19 centos7-x86-64 augenrules: rate_limit 0
Dec 10 08:33:19 centos7-x86-64 augenrules: backlog_limit 8192
Dec 10 08:33:19 centos7-x86-64 augenrules: lost 0
Dec 10 08:33:19 centos7-x86-64 augenrules: backlog 1
Dec 10 08:33:19 centos7-x86-64 augenrules: enabled 1
Dec 10 08:33:19 centos7-x86-64 augenrules: failure 1
Dec 10 08:33:19 centos7-x86-64 augenrules: pid 510
Dec 10 08:33:19 centos7-x86-64 augenrules: rate_limit 0
Dec 10 08:33:19 centos7-x86-64 augenrules: backlog_limit 8192
Dec 10 08:33:19 centos7-x86-64 augenrules: lost 0
Dec 10 08:33:19 centos7-x86-64 augenrules: backlog 1
Dec 10 08:33:19 centos7-x86-64 systemd: Started Security Auditing Service.
Dec 10 08:33:19 centos7-x86-64 systemd: Starting Update UTMP about System Boot/Shutdown...
Dec 10 08:33:19 centos7-x86-64 systemd: Started Update UTMP about System Boot/Shutdown.
Dec 10 08:33:19 centos7-x86-64 systemd: Reached target System Initialization.
Dec 10 08:33:19 centos7-x86-64 systemd: Starting System Initialization.
Dec 10 08:33:19 centos7-x86-64 systemd: Started Daily Cleanup of Temporary Directories.
Dec 10 08:33:19 centos7-x86-64 systemd: Starting Daily Cleanup of Temporary Directories.
Dec 10 08:33:19 centos7-x86-64 systemd: Reached target Timers.
Dec 10 08:33:19 centos7-x86-64 systemd: Starting Timers.
Dec 10 08:33:19 centos7-x86-64 systemd: Listening on D-Bus System Message Bus Socket.
Dec 10 08:33:19 centos7-x86-64 systemd: Starting D-Bus System Message Bus Socket.
Dec 10 08:33:19 centos7-x86-64 systemd: Reached target Sockets.
Dec 10 08:33:19 centos7-x86-64 systemd: Starting Sockets.
Dec 10 08:33:19 centos7-x86-64 systemd: Reached target Basic System.
Dec 10 08:33:19 centos7-x86-64 systemd: Starting Basic System.
Dec 10 08:33:19 centos7-x86-64 systemd: Starting Login Service...
Dec 10 08:33:19 centos7-x86-64 systemd: Starting Dump dmesg to /var/log/dmesg...
Dec 10 08:33:19 centos7-x86-64 systemd: Started irqbalance daemon.
Dec 10 08:33:19 centos7-x86-64 systemd: Starting irqbalance daemon...
Dec 10 08:33:19 centos7-x86-64 systemd: Started D-Bus System Message Bus.
Dec 10 08:33:19 centos7-x86-64 systemd: Starting D-Bus System Message Bus...
Dec 10 08:33:19 centos7-x86-64 systemd: Starting NTP client/server...
Dec 10 08:33:19 centos7-x86-64 systemd: Dependency failed for Network Manager Wait Online.
Dec 10 08:33:19 centos7-x86-64 systemd: Job NetworkManager-wait-online.service/start failed with result 'dependency'.
Dec 10 08:33:19 centos7-x86-64 systemd: Starting LSB: Bring up/down networking...
Dec 10 08:33:19 centos7-x86-64 systemd: Starting OpenSSH Server Key Generation...
Dec 10 08:33:19 centos7-x86-64 systemd: Starting Permit User Sessions...
Dec 10 08:33:19 centos7-x86-64 systemd: Starting Authorization Manager...
Dec 10 08:33:19 centos7-x86-64 systemd: Started Dump dmesg to /var/log/dmesg.
Dec 10 08:33:19 centos7-x86-64 systemd: Started Permit User Sessions.
Dec 10 08:33:19 centos7-x86-64 systemd: Started Command Scheduler.
Dec 10 08:33:19 centos7-x86-64 systemd: Starting Command Scheduler...
Dec 10 08:33:19 centos7-x86-64 systemd: Starting Wait for Plymouth Boot Screen to Quit...
Dec 10 08:33:19 centos7-x86-64 systemd-logind: New seat seat0.
Dec 10 08:33:19 centos7-x86-64 systemd-logind: Watching system buttons on /dev/input/event0 (Power Button)
Dec 10 08:33:19 centos7-x86-64 systemd-logind: Watching system buttons on /dev/input/event1 (Sleep Button)
Dec 10 08:33:19 centos7-x86-64 systemd: Starting Terminate Plymouth Boot Screen...
Dec 10 08:33:19 centos7-x86-64 systemd: Started Login Service.
Dec 10 08:33:19 centos7-x86-64 chronyd[566]: chronyd version 3.2 starting (+CMDMON +NTP +REFCLOCK +RTC +PRIVDROP +SCFILTER +SECHASH +SIGND +ASYNCDNS +IPV6 +DEBUG)
Dec 10 08:33:19 centos7-x86-64 systemd: Received SIGRTMIN+21 from PID 245 (plymouthd).
Dec 10 08:33:19 centos7-x86-64 systemd: Started Terminate Plymouth Boot Screen.
Dec 10 08:33:19 centos7-x86-64 systemd: Started Wait for Plymouth Boot Screen to Quit.
Dec 10 08:33:19 centos7-x86-64 systemd: Started Serial Getty on hvc0.
Dec 10 08:33:19 centos7-x86-64 systemd: Starting Serial Getty on hvc0...
Dec 10 08:33:19 centos7-x86-64 systemd: Started Getty on tty1.
Dec 10 08:33:19 centos7-x86-64 systemd: Starting Getty on tty1...
Dec 10 08:33:19 centos7-x86-64 systemd: Reached target Login Prompts.
Dec 10 08:33:19 centos7-x86-64 systemd: Starting Login Prompts.
Dec 10 08:33:19 centos7-x86-64 systemd: Started NTP client/server.
Dec 10 08:33:19 centos7-x86-64 polkitd[546]: Started polkitd version 0.112
Dec 10 08:33:19 centos7-x86-64 sshd-keygen: Generating SSH2 RSA host key: [  OK  ]
Dec 10 08:33:19 centos7-x86-64 sshd-keygen: Generating SSH2 ECDSA host key: [  OK  ]
Dec 10 08:33:19 centos7-x86-64 systemd: Started Authorization Manager.
Dec 10 08:33:19 centos7-x86-64 sshd-keygen: Generating SSH2 ED25519 host key: [  OK  ]
Dec 10 08:33:19 centos7-x86-64 systemd: Started OpenSSH Server Key Generation.
Dec 10 08:33:20 centos7-x86-64 network: Bringing up loopback interface:  [  OK  ]
Dec 10 08:33:20 centos7-x86-64 network: Bringing up interface eth0:
Dec 10 08:33:20 centos7-x86-64 dhclient[727]: DHCPDISCOVER on eth0 to 255.255.255.255 port 67 interval 5 (xid=0x4bdd73c7)
Dec 10 08:33:20 centos7-x86-64 dhclient[727]: DHCPREQUEST on eth0 to 255.255.255.255 port 67 (xid=0x4bdd73c7)
Dec 10 08:33:20 centos7-x86-64 dhclient[727]: DHCPOFFER from 172.17.24.3
Dec 10 08:33:20 centos7-x86-64 dhclient[727]: DHCPACK from 172.17.24.3 (xid=0x4bdd73c7)
Dec 10 08:33:22 centos7-x86-64 NET[776]: /usr/sbin/dhclient-script : updated /etc/resolv.conf
Dec 10 08:33:22 centos7-x86-64 dhclient[727]: bound to 172.17.24.20 -- renewal in 1570 seconds.
Dec 10 08:33:22 centos7-x86-64 network: Determining IP information for eth0... done.
Dec 10 08:33:22 centos7-x86-64 network: INFO      : [ipv6_wait_tentative] Waiting for interface eth0 IPv6 address(es) to leave the 'tentative' state
Dec 10 08:33:22 centos7-x86-64 ipv6_wait_tentative: Waiting for interface eth0 IPv6 address(es) to leave the 'tentative' state
Dec 10 08:33:23 centos7-x86-64 network: INFO      : [ipv6_wait_tentative] Waiting for interface eth0 IPv6 address(es) to leave the 'tentative' state
Dec 10 08:33:23 centos7-x86-64 ipv6_wait_tentative: Waiting for interface eth0 IPv6 address(es) to leave the 'tentative' state
Dec 10 08:33:24 centos7-x86-64 network: [  OK  ]
Dec 10 08:33:24 centos7-x86-64 systemd: Started LSB: Bring up/down networking.
Dec 10 08:33:24 centos7-x86-64 systemd: Reached target Network.
Dec 10 08:33:24 centos7-x86-64 systemd: Starting Network.
Dec 10 08:33:24 centos7-x86-64 systemd: Starting OpenSSH server daemon...
Dec 10 08:33:24 centos7-x86-64 systemd: Starting Postfix Mail Transport Agent...
Dec 10 08:33:24 centos7-x86-64 systemd: Reached target Network is Online.
Dec 10 08:33:24 centos7-x86-64 systemd: Starting Network is Online.
Dec 10 08:33:24 centos7-x86-64 systemd: Starting System Logging Service...
Dec 10 08:33:24 centos7-x86-64 systemd: Starting SoftLayer OSUpdate...
Dec 10 08:33:24 centos7-x86-64 systemd: Starting Crash recovery kernel arming...
Dec 10 08:33:24 centos7-x86-64 systemd: Starting Dynamic System Tuning Daemon...
Dec 10 08:33:24 centos7-x86-64 systemd: Started OpenSSH server daemon.
Dec 10 08:33:24 centos7-x86-64 rsyslogd: [origin software="rsyslogd" swVersion="8.24.0" x-pid="861" x-info="http://www.rsyslog.com"] start
Dec 10 08:33:24 centos7-x86-64 systemd: Started System Logging Service.
Dec 10 08:33:24 centos7-x86-64 kdumpctl: No kdump initial ramdisk found.
Dec 10 08:33:24 centos7-x86-64 kdumpctl: Rebuilding /boot/initramfs-3.10.0-862.el7.x86_64kdump.img
Dec 10 08:33:25 centos7-x86-64 systemd: Started Postfix Mail Transport Agent.
Dec 10 08:33:25 centos7-x86-64 dracut: dracut-033-535.el7
Dec 10 08:33:26 centos7-x86-64 dracut: Executing: /usr/sbin/dracut --hostonly --hostonly-cmdline --hostonly-i18n -o "plymouth dash resume ifcfg" --mount "/dev/disk/by-uuid/6651ae10-5bca-4205-a46b-947360820267 /sysroot ext3 defaults" --no-hostonly-default-device -f /boot/initramfs-3.10.0-862.el7.x86_64kdump.img 3.10.0-862.el7.x86_64
Dec 10 08:33:26 centos7-x86-64 systemd: Started Dynamic System Tuning Daemon.
Dec 10 08:33:26 centos7-x86-64 dracut: dracut module 'modsign' will not be installed, because command 'keyctl' could not be found!
Dec 10 08:33:26 centos7-x86-64 dracut: dracut module 'busybox' will not be installed, because command 'busybox' could not be found!
Dec 10 08:33:26 centos7-x86-64 dracut: dracut module 'ifcfg' will not be installed, because it's in the list to be omitted!
Dec 10 08:33:26 centos7-x86-64 dracut: dracut module 'plymouth' will not be installed, because it's in the list to be omitted!
Dec 10 08:33:26 centos7-x86-64 dracut: dracut module 'crypt' will not be installed, because command 'cryptsetup' could not be found!
Dec 10 08:33:26 centos7-x86-64 dracut: dracut module 'dmraid' will not be installed, because command 'dmraid' could not be found!
Dec 10 08:33:26 centos7-x86-64 dracut: dracut module 'dmsquash-live-ntfs' will not be installed, because command 'ntfs-3g' could not be found!
Dec 10 08:33:26 centos7-x86-64 dracut: dracut module 'lvm' will not be installed, because command 'lvm' could not be found!
Dec 10 08:33:26 centos7-x86-64 dracut: dracut module 'mdraid' will not be installed, because command 'mdadm' could not be found!
Dec 10 08:33:26 centos7-x86-64 dracut: dracut module 'multipath' will not be installed, because command 'multipath' could not be found!
Dec 10 08:33:26 centos7-x86-64 dracut: dracut module 'cifs' will not be installed, because command 'mount.cifs' could not be found!
Dec 10 08:33:26 centos7-x86-64 dracut: dracut module 'iscsi' will not be installed, because command 'iscsistart' could not be found!
Dec 10 08:33:26 centos7-x86-64 dracut: dracut module 'iscsi' will not be installed, because command 'iscsi-iname' could not be found!
Dec 10 08:33:26 centos7-x86-64 dracut: 95nfs: Could not find any command of 'rpcbind portmap'!
Dec 10 08:33:26 centos7-x86-64 dracut: dracut module 'resume' will not be installed, because it's in the list to be omitted!
Dec 10 08:33:26 centos7-x86-64 dracut: dracut module 'modsign' will not be installed, because command 'keyctl' could not be found!
Dec 10 08:33:26 centos7-x86-64 dracut: dracut module 'busybox' will not be installed, because command 'busybox' could not be found!
Dec 10 08:33:26 centos7-x86-64 dracut: dracut module 'crypt' will not be installed, because command 'cryptsetup' could not be found!
Dec 10 08:33:26 centos7-x86-64 dracut: dracut module 'dmraid' will not be installed, because command 'dmraid' could not be found!
Dec 10 08:33:26 centos7-x86-64 dracut: dracut module 'dmsquash-live-ntfs' will not be installed, because command 'ntfs-3g' could not be found!
Dec 10 08:33:26 centos7-x86-64 dracut: dracut module 'lvm' will not be installed, because command 'lvm' could not be found!
Dec 10 08:33:26 centos7-x86-64 dracut: dracut module 'mdraid' will not be installed, because command 'mdadm' could not be found!
Dec 10 08:33:26 centos7-x86-64 dracut: dracut module 'multipath' will not be installed, because command 'multipath' could not be found!
Dec 10 08:33:26 centos7-x86-64 dracut: dracut module 'cifs' will not be installed, because command 'mount.cifs' could not be found!
Dec 10 08:33:26 centos7-x86-64 dracut: dracut module 'iscsi' will not be installed, because command 'iscsistart' could not be found!
Dec 10 08:33:26 centos7-x86-64 dracut: dracut module 'iscsi' will not be installed, because command 'iscsi-iname' could not be found!
Dec 10 08:33:26 centos7-x86-64 dracut: 95nfs: Could not find any command of 'rpcbind portmap'!
Dec 10 08:33:27 centos7-x86-64 dracut: *** Including module: bash ***
Dec 10 08:33:27 centos7-x86-64 dracut: *** Including module: nss-softokn ***
Dec 10 08:33:27 centos7-x86-64 dracut: *** Including module: i18n ***
Dec 10 08:33:27 centos7-x86-64 dracut: *** Including module: kernel-modules ***
Dec 10 08:33:32 centos7-x86-64 dracut: *** Including module: fstab-sys ***
Dec 10 08:33:32 centos7-x86-64 dracut: *** Including module: rootfs-block ***
Dec 10 08:33:32 centos7-x86-64 dracut: *** Including module: terminfo ***
Dec 10 08:33:33 centos7-x86-64 dracut: *** Including module: udev-rules ***
Dec 10 08:33:33 centos7-x86-64 dracut: Skipping udev rule: 40-redhat-cpu-hotplug.rules
Dec 10 08:33:33 centos7-x86-64 dracut: Skipping udev rule: 91-permissions.rules
Dec 10 08:33:33 centos7-x86-64 dracut: *** Including module: biosdevname ***
Dec 10 08:33:33 centos7-x86-64 dracut: *** Including module: systemd ***
Dec 10 08:33:34 centos7-x86-64 dracut: *** Including module: usrmount ***
Dec 10 08:33:34 centos7-x86-64 dracut: *** Including module: base ***
Dec 10 08:33:34 centos7-x86-64 dracut: *** Including module: fs-lib ***
Dec 10 08:33:34 centos7-x86-64 dracut: *** Including module: kdumpbase ***
Dec 10 08:33:34 centos7-x86-64 dracut: *** Including module: shutdown ***
Dec 10 08:33:34 centos7-x86-64 dracut: *** Including modules done ***
Dec 10 08:33:34 centos7-x86-64 dracut: *** Installing kernel module dependencies and firmware ***
Dec 10 08:33:35 centos7-x86-64 dracut: *** Installing kernel module dependencies and firmware done ***
Dec 10 08:33:35 centos7-x86-64 dracut: *** Resolving executable dependencies ***
Dec 10 08:33:35 centos7-x86-64 dracut: *** Resolving executable dependencies done***
Dec 10 08:33:35 centos7-x86-64 dracut: *** Hardlinking files ***
Dec 10 08:33:35 centos7-x86-64 dracut: *** Hardlinking files done ***
Dec 10 08:33:35 centos7-x86-64 dracut: *** Stripping files ***
Dec 10 08:33:36 centos7-x86-64 dracut: *** Stripping files done ***
Dec 10 08:33:36 centos7-x86-64 dracut: *** Generating early-microcode cpio image contents ***
Dec 10 08:33:36 centos7-x86-64 dracut: *** Constructing GenuineIntel.bin ****
Dec 10 08:33:36 centos7-x86-64 dracut: *** Store current command line parameters ***
Dec 10 08:33:36 centos7-x86-64 dracut: *** Creating image file ***
Dec 10 08:33:36 centos7-x86-64 dracut: *** Creating microcode section ***
Dec 10 08:33:36 centos7-x86-64 dracut: *** Created microcode section ***
Dec 10 08:33:42 centos7-x86-64 dracut: *** Creating image file done ***
Dec 10 08:33:44 centos7-x86-64 dracut: *** Creating initramfs image file '/boot/initramfs-3.10.0-862.el7.x86_64kdump.img' done ***
Dec 10 08:33:45 centos7-x86-64 kdumpctl: kexec: loaded kdump kernel
Dec 10 08:33:45 centos7-x86-64 kdumpctl: Starting kdump: [OK]
Dec 10 08:33:45 centos7-x86-64 systemd: Started Crash recovery kernel arming.
Dec 10 08:33:52 centos7-x86-64 chronyd[566]: Selected source 216.229.4.66
Dec 10 08:33:54 centos7-x86-64 osupdate.sh: --2019-12-10 08:33:54--  http://172.18.3.50/install_scripts/install_functions.sh
Dec 10 08:33:54 centos7-x86-64 osupdate.sh: Connecting to 172.18.3.50:80... connected.
Dec 10 08:33:54 centos7-x86-64 osupdate.sh: HTTP request sent, awaiting response... 200 OK
Dec 10 08:33:54 centos7-x86-64 osupdate.sh: Length: 1230 (1.2K) [application/x-sh]
Dec 10 08:33:54 centos7-x86-64 osupdate.sh: Saving to: ‘/root/install_functions.sh’
Dec 10 08:33:54 centos7-x86-64 osupdate.sh: 0K .                                                     100%  113M=0s
Dec 10 08:33:54 centos7-x86-64 osupdate.sh: 2019-12-10 08:33:54 (113 MB/s) - ‘/root/install_functions.sh’ saved [1230/1230]
Dec 10 08:33:54 centos7-x86-64 kernel: device-mapper: uevent: version 1.0.3
Dec 10 08:33:54 centos7-x86-64 kernel: device-mapper: ioctl: 4.37.0-ioctl (2017-09-20) initialised: dm-devel@redhat.com
Dec 10 08:33:55 centos7-x86-64 osupdate.sh: Generating grub configuration file ...
Dec 10 08:33:55 centos7-x86-64 osupdate.sh: Found linux image: /boot/vmlinuz-3.10.0-862.el7.x86_64
Dec 10 08:33:55 centos7-x86-64 osupdate.sh: Found initrd image: /boot/initramfs-3.10.0-862.el7.x86_64.img
Dec 10 08:33:55 centos7-x86-64 osupdate.sh: Found linux image: /boot/vmlinuz-0-rescue-657ef9edb6454d36878fa53c9ac15a57
Dec 10 08:33:55 centos7-x86-64 osupdate.sh: Found initrd image: /boot/initramfs-0-rescue-657ef9edb6454d36878fa53c9ac15a57.img
Dec 10 08:33:55 centos7-x86-64 kernel: SGI XFS with ACLs, security attributes, no debug enabled
Dec 10 08:33:55 centos7-x86-64 kernel: xor: automatically using best checksumming function:
Dec 10 08:33:55 centos7-x86-64 kernel:   avx       : 18668.000 MB/sec
Dec 10 08:33:55 centos7-x86-64 kernel: raid6: sse2x1   gen()  6566 MB/s
Dec 10 08:33:56 centos7-x86-64 kernel: raid6: sse2x2   gen()  7949 MB/s
Dec 10 08:33:56 centos7-x86-64 kernel: raid6: sse2x4   gen()  9402 MB/s
Dec 10 08:33:56 centos7-x86-64 kernel: raid6: avx2x1   gen() 12722 MB/s
Dec 10 08:33:56 centos7-x86-64 kernel: raid6: avx2x2   gen() 14671 MB/s
Dec 10 08:33:56 centos7-x86-64 kernel: raid6: avx2x4   gen() 16863 MB/s
Dec 10 08:33:56 centos7-x86-64 kernel: raid6: using algorithm avx2x4 gen() (16863 MB/s)
Dec 10 08:33:56 centos7-x86-64 kernel: raid6: using avx2x2 recovery algorithm
Dec 10 08:33:56 centos7-x86-64 kernel: Btrfs loaded, crc32c=crc32c-intel
Dec 10 08:33:56 centos7-x86-64 kernel: fuse init (API version 7.22)
Dec 10 08:33:56 centos7-x86-64 systemd: Mounting FUSE Control File System...
Dec 10 08:33:56 centos7-x86-64 systemd: Mounted FUSE Control File System.
Dec 10 08:33:56 centos7-x86-64 root: os-prober: debug: running /usr/libexec/os-probes/mounted/05efi on mounted /dev/xvda1
Dec 10 08:33:56 centos7-x86-64 root: 05efi: debug: Not on UEFI platform
Dec 10 08:33:56 centos7-x86-64 root: os-prober: debug: running /usr/libexec/os-probes/mounted/10freedos on mounted /dev/xvda1
Dec 10 08:33:56 centos7-x86-64 root: 10freedos: debug: /dev/xvda1 is not a FAT partition: exiting
Dec 10 08:33:56 centos7-x86-64 root: os-prober: debug: running /usr/libexec/os-probes/mounted/10qnx on mounted /dev/xvda1
Dec 10 08:33:56 centos7-x86-64 root: 10qnx: debug: /dev/xvda1 is not a QNX4 partition: exiting
Dec 10 08:33:56 centos7-x86-64 root: os-prober: debug: running /usr/libexec/os-probes/mounted/20macosx on mounted /dev/xvda1
Dec 10 08:33:56 centos7-x86-64 macosx-prober: debug: /dev/xvda1 is not an HFS+ partition: exiting
Dec 10 08:33:56 centos7-x86-64 root: os-prober: debug: running /usr/libexec/os-probes/mounted/20microsoft on mounted /dev/xvda1
Dec 10 08:33:56 centos7-x86-64 root: 20microsoft: debug: /dev/xvda1 is not a MS partition: exiting
Dec 10 08:33:56 centos7-x86-64 root: os-prober: debug: running /usr/libexec/os-probes/mounted/30utility on mounted /dev/xvda1
Dec 10 08:33:56 centos7-x86-64 root: 30utility: debug: /dev/xvda1 is not a FAT partition: exiting
Dec 10 08:33:56 centos7-x86-64 root: os-prober: debug: running /usr/libexec/os-probes/mounted/40lsb on mounted /dev/xvda1
Dec 10 08:33:56 centos7-x86-64 root: os-prober: debug: running /usr/libexec/os-probes/mounted/70hurd on mounted /dev/xvda1
Dec 10 08:33:56 centos7-x86-64 root: os-prober: debug: running /usr/libexec/os-probes/mounted/80minix on mounted /dev/xvda1
Dec 10 08:33:56 centos7-x86-64 root: os-prober: debug: running /usr/libexec/os-probes/mounted/83haiku on mounted /dev/xvda1
Dec 10 08:33:56 centos7-x86-64 root: 83haiku: debug: /dev/xvda1 is not a BeFS partition: exiting
Dec 10 08:33:56 centos7-x86-64 root: os-prober: debug: running /usr/libexec/os-probes/mounted/90linux-distro on mounted /dev/xvda1
Dec 10 08:33:56 centos7-x86-64 root: os-prober: debug: running /usr/libexec/os-probes/mounted/90solaris on mounted /dev/xvda1
Dec 10 08:33:56 centos7-x86-64 root: os-prober: debug: /dev/xvdb1: is active swap
Dec 10 08:33:56 centos7-x86-64 osupdate.sh: done
Dec 10 08:33:56 centos7-x86-64 dracut: dracut-033-535.el7
Dec 10 08:33:56 centos7-x86-64 dracut: Executing: /usr/sbin/dracut --force
Dec 10 08:33:56 centos7-x86-64 dracut: dracut module 'modsign' will not be installed, because command 'keyctl' could not be found!
Dec 10 08:33:56 centos7-x86-64 dracut: dracut module 'busybox' will not be installed, because command 'busybox' could not be found!
Dec 10 08:33:56 centos7-x86-64 dracut: dracut module 'crypt' will not be installed, because command 'cryptsetup' could not be found!
Dec 10 08:33:56 centos7-x86-64 dracut: dracut module 'dmraid' will not be installed, because command 'dmraid' could not be found!
Dec 10 08:33:56 centos7-x86-64 dracut: dracut module 'dmsquash-live-ntfs' will not be installed, because command 'ntfs-3g' could not be found!
Dec 10 08:33:56 centos7-x86-64 dracut: dracut module 'lvm' will not be installed, because command 'lvm' could not be found!
Dec 10 08:33:56 centos7-x86-64 dracut: dracut module 'mdraid' will not be installed, because command 'mdadm' could not be found!
Dec 10 08:33:56 centos7-x86-64 dracut: dracut module 'multipath' will not be installed, because command 'multipath' could not be found!
Dec 10 08:33:56 centos7-x86-64 dracut: dracut module 'cifs' will not be installed, because command 'mount.cifs' could not be found!
Dec 10 08:33:56 centos7-x86-64 dracut: dracut module 'iscsi' will not be installed, because command 'iscsistart' could not be found!
Dec 10 08:33:56 centos7-x86-64 dracut: dracut module 'iscsi' will not be installed, because command 'iscsi-iname' could not be found!
Dec 10 08:33:56 centos7-x86-64 dracut: 95nfs: Could not find any command of 'rpcbind portmap'!
Dec 10 08:33:57 centos7-x86-64 dracut: dracut module 'modsign' will not be installed, because command 'keyctl' could not be found!
Dec 10 08:33:57 centos7-x86-64 dracut: dracut module 'busybox' will not be installed, because command 'busybox' could not be found!
Dec 10 08:33:57 centos7-x86-64 dracut: dracut module 'crypt' will not be installed, because command 'cryptsetup' could not be found!
Dec 10 08:33:57 centos7-x86-64 dracut: dracut module 'dmraid' will not be installed, because command 'dmraid' could not be found!
Dec 10 08:33:57 centos7-x86-64 dracut: dracut module 'dmsquash-live-ntfs' will not be installed, because command 'ntfs-3g' could not be found!
Dec 10 08:33:57 centos7-x86-64 dracut: dracut module 'lvm' will not be installed, because command 'lvm' could not be found!
Dec 10 08:33:57 centos7-x86-64 dracut: dracut module 'mdraid' will not be installed, because command 'mdadm' could not be found!
Dec 10 08:33:57 centos7-x86-64 dracut: dracut module 'multipath' will not be installed, because command 'multipath' could not be found!
Dec 10 08:33:57 centos7-x86-64 dracut: dracut module 'cifs' will not be installed, because command 'mount.cifs' could not be found!
Dec 10 08:33:57 centos7-x86-64 dracut: dracut module 'iscsi' will not be installed, because command 'iscsistart' could not be found!
Dec 10 08:33:57 centos7-x86-64 dracut: dracut module 'iscsi' will not be installed, because command 'iscsi-iname' could not be found!
Dec 10 08:33:57 centos7-x86-64 dracut: 95nfs: Could not find any command of 'rpcbind portmap'!
Dec 10 08:33:57 centos7-x86-64 dracut: *** Including module: bash ***
Dec 10 08:33:57 centos7-x86-64 dracut: *** Including module: nss-softokn ***
Dec 10 08:33:57 centos7-x86-64 dracut: *** Including module: i18n ***
Dec 10 08:33:58 centos7-x86-64 dracut: *** Including module: network ***
Dec 10 08:33:58 centos7-x86-64 dracut: *** Including module: ifcfg ***
Dec 10 08:33:58 centos7-x86-64 dracut: *** Including module: drm ***
Dec 10 08:33:59 centos7-x86-64 dracut: *** Including module: plymouth ***
Dec 10 08:34:00 centos7-x86-64 dracut: *** Including module: kernel-modules ***
Dec 10 08:34:04 centos7-x86-64 dracut: *** Including module: resume ***
Dec 10 08:34:04 centos7-x86-64 dracut: *** Including module: rootfs-block ***
Dec 10 08:34:04 centos7-x86-64 dracut: *** Including module: terminfo ***
Dec 10 08:34:04 centos7-x86-64 dracut: *** Including module: udev-rules ***
Dec 10 08:34:04 centos7-x86-64 dracut: Skipping udev rule: 40-redhat-cpu-hotplug.rules
Dec 10 08:34:05 centos7-x86-64 dracut: Skipping udev rule: 91-permissions.rules
Dec 10 08:34:05 centos7-x86-64 dracut: *** Including module: biosdevname ***
Dec 10 08:34:05 centos7-x86-64 dracut: *** Including module: systemd ***
Dec 10 08:34:05 centos7-x86-64 dracut: *** Including module: usrmount ***
Dec 10 08:34:05 centos7-x86-64 dracut: *** Including module: base ***
Dec 10 08:34:05 centos7-x86-64 dracut: *** Including module: fs-lib ***
Dec 10 08:34:05 centos7-x86-64 dracut: *** Including module: shutdown ***
Dec 10 08:34:05 centos7-x86-64 dracut: *** Including modules done ***
Dec 10 08:34:05 centos7-x86-64 dracut: *** Installing kernel module dependencies and firmware ***
Dec 10 08:34:05 centos7-x86-64 dracut: *** Installing kernel module dependencies and firmware done ***
Dec 10 08:34:05 centos7-x86-64 dracut: *** Resolving executable dependencies ***
Dec 10 08:34:07 centos7-x86-64 dracut: *** Resolving executable dependencies done***
Dec 10 08:34:07 centos7-x86-64 dracut: *** Hardlinking files ***
Dec 10 08:34:07 centos7-x86-64 dracut: *** Hardlinking files done ***
Dec 10 08:34:07 centos7-x86-64 dracut: *** Stripping files ***
Dec 10 08:34:07 centos7-x86-64 dracut: *** Stripping files done ***
Dec 10 08:34:07 centos7-x86-64 dracut: *** Generating early-microcode cpio image contents ***
Dec 10 08:34:07 centos7-x86-64 dracut: *** Constructing GenuineIntel.bin ****
Dec 10 08:34:07 centos7-x86-64 dracut: *** Store current command line parameters ***
Dec 10 08:34:07 centos7-x86-64 dracut: *** Creating image file ***
Dec 10 08:34:07 centos7-x86-64 dracut: *** Creating microcode section ***
Dec 10 08:34:07 centos7-x86-64 dracut: *** Created microcode section ***
Dec 10 08:34:17 centos7-x86-64 systemd: Created slice User Slice of root.
Dec 10 08:34:17 centos7-x86-64 systemd: Starting User Slice of root.
Dec 10 08:34:17 centos7-x86-64 systemd: Started Session 1 of user root.
Dec 10 08:34:17 centos7-x86-64 systemd: Starting Session 1 of user root.
Dec 10 08:34:17 centos7-x86-64 systemd-logind: New session 1 of user root.
Dec 10 08:34:17 centos7-x86-64 dracut: *** Creating image file done ***
Dec 10 08:34:23 centos7-x86-64 dracut: *** Creating initramfs image file '/boot/initramfs-3.10.0-862.el7.x86_64.img' done ***
Dec 10 08:34:23 centos7-x86-64 osupdate.sh: --2019-12-10 08:34:23--  http://172.18.3.50/repos/centos.base.repo.provisioning-7
Dec 10 08:34:23 centos7-x86-64 osupdate.sh: Connecting to 172.18.3.50:80... connected.
Dec 10 08:34:23 centos7-x86-64 osupdate.sh: HTTP request sent, awaiting response... 200 OK
Dec 10 08:34:23 centos7-x86-64 osupdate.sh: Length: 1618 (1.6K)
Dec 10 08:34:23 centos7-x86-64 osupdate.sh: Saving to: ‘/etc/yum.repos.d/CentOS-Base.repo’
Dec 10 08:34:23 centos7-x86-64 osupdate.sh: 0K .                                                     100%  193M=0s
Dec 10 08:34:23 centos7-x86-64 osupdate.sh: 2019-12-10 08:34:23 (193 MB/s) - ‘/etc/yum.repos.d/CentOS-Base.repo’ saved [1618/1618]
Dec 10 08:34:23 centos7-x86-64 osupdate.sh: --2019-12-10 08:34:23--  http://172.18.3.50/xentools/xe-guest-utilities-6.5.0-1393.x86_64.rpm
Dec 10 08:34:23 centos7-x86-64 osupdate.sh: Connecting to 172.18.3.50:80... connected.
Dec 10 08:34:23 centos7-x86-64 osupdate.sh: HTTP request sent, awaiting response... 200 OK
Dec 10 08:34:23 centos7-x86-64 osupdate.sh: Length: 15701 (15K) [application/x-rpm]
Dec 10 08:34:23 centos7-x86-64 osupdate.sh: Saving to: ‘/root/xe-guest-utilities.x86_64.rpm’
Dec 10 08:34:23 centos7-x86-64 osupdate.sh: 0K .......... .....                                      100% 17.5M=0.001s
Dec 10 08:34:23 centos7-x86-64 osupdate.sh: 2019-12-10 08:34:23 (17.5 MB/s) - ‘/root/xe-guest-utilities.x86_64.rpm’ saved [15701/15701]
Dec 10 08:34:23 centos7-x86-64 osupdate.sh: --2019-12-10 08:34:23--  http://172.18.3.50/xentools/xe-guest-utilities-xenstore-6.5.0-1393.x86_64.rpm
Dec 10 08:34:23 centos7-x86-64 osupdate.sh: Connecting to 172.18.3.50:80... connected.
Dec 10 08:34:23 centos7-x86-64 osupdate.sh: HTTP request sent, awaiting response... 200 OK
Dec 10 08:34:23 centos7-x86-64 osupdate.sh: Length: 49318 (48K) [application/x-rpm]
Dec 10 08:34:23 centos7-x86-64 osupdate.sh: Saving to: ‘/root/xe-guest-utilities-xenstore.x86_64.rpm’
Dec 10 08:34:23 centos7-x86-64 osupdate.sh: 0K .......... .......... .......... .......... ........  100% 22.9M=0.002s
Dec 10 08:34:23 centos7-x86-64 osupdate.sh: 2019-12-10 08:34:23 (22.9 MB/s) - ‘/root/xe-guest-utilities-xenstore.x86_64.rpm’ saved [49318/49318]
Dec 10 08:34:24 centos7-x86-64 osupdate.sh: Loaded plugins: fastestmirror
Dec 10 08:34:24 centos7-x86-64 osupdate.sh: Examining /root/xe-guest-utilities.x86_64.rpm: xe-guest-utilities-6.5.0-1393.x86_64
Dec 10 08:34:24 centos7-x86-64 osupdate.sh: Marking /root/xe-guest-utilities.x86_64.rpm to be installed
Dec 10 08:34:24 centos7-x86-64 osupdate.sh: Examining /root/xe-guest-utilities-xenstore.x86_64.rpm: xe-guest-utilities-xenstore-6.5.0-1393.x86_64
Dec 10 08:34:24 centos7-x86-64 osupdate.sh: Marking /root/xe-guest-utilities-xenstore.x86_64.rpm to be installed
Dec 10 08:34:24 centos7-x86-64 osupdate.sh: Resolving Dependencies
Dec 10 08:34:24 centos7-x86-64 osupdate.sh: --> Running transaction check
Dec 10 08:34:24 centos7-x86-64 osupdate.sh: ---> Package xe-guest-utilities.x86_64 0:6.5.0-1393 will be installed
Dec 10 08:34:24 centos7-x86-64 osupdate.sh: ---> Package xe-guest-utilities-xenstore.x86_64 0:6.5.0-1393 will be installed
Dec 10 08:34:26 centos7-x86-64 osupdate.sh: --> Finished Dependency Resolution
Dec 10 08:34:26 centos7-x86-64 osupdate.sh: Dependencies Resolved
Dec 10 08:34:26 centos7-x86-64 osupdate.sh: ================================================================================
Dec 10 08:34:26 centos7-x86-64 osupdate.sh: Package            Arch   Version    Repository                           Size
Dec 10 08:34:26 centos7-x86-64 osupdate.sh: ================================================================================
Dec 10 08:34:26 centos7-x86-64 osupdate.sh: Installing:
Dec 10 08:34:26 centos7-x86-64 osupdate.sh: xe-guest-utilities x86_64 6.5.0-1393 /xe-guest-utilities.x86_64           34 k
Dec 10 08:34:26 centos7-x86-64 osupdate.sh: xe-guest-utilities-xenstore
Dec 10 08:34:26 centos7-x86-64 osupdate.sh: x86_64 6.5.0-1393 /xe-guest-utilities-xenstore.x86_64  97 k
Dec 10 08:34:26 centos7-x86-64 osupdate.sh: Transaction Summary
Dec 10 08:34:26 centos7-x86-64 osupdate.sh: ================================================================================
Dec 10 08:34:26 centos7-x86-64 osupdate.sh: Install  2 Packages
Dec 10 08:34:26 centos7-x86-64 osupdate.sh: Total size: 131 k
Dec 10 08:34:26 centos7-x86-64 osupdate.sh: Installed size: 131 k
Dec 10 08:34:26 centos7-x86-64 osupdate.sh: Downloading packages:
Dec 10 08:34:26 centos7-x86-64 osupdate.sh: Running transaction check
Dec 10 08:34:26 centos7-x86-64 osupdate.sh: Running transaction test
Dec 10 08:34:26 centos7-x86-64 osupdate.sh: Transaction test succeeded
Dec 10 08:34:26 centos7-x86-64 osupdate.sh: Running transaction
Dec 10 08:34:27 centos7-x86-64 yum[20022]: Installed: xe-guest-utilities-xenstore-6.5.0-1393.x86_64
Dec 10 08:34:27 centos7-x86-64 osupdate.sh: Installing : xe-guest-utilities-xenstore-6.5.0-1393.x86_64                1/2
Dec 10 08:34:27 centos7-x86-64 systemd: Reloading.
Dec 10 08:34:27 centos7-x86-64 systemd: Starting LSB: XenServer Virtual Machine daemon providing host integration services...
Dec 10 08:34:27 centos7-x86-64 xe-linux-distribution: Mounting xenfs on /proc/xen: [  OK  ]
Dec 10 08:34:27 centos7-x86-64 xe-linux-distribution: Detecting Linux distribution version: [  OK  ]
Dec 10 08:34:27 centos7-x86-64 xe-linux-distribution: Starting xe daemon:  [  OK  ]
Dec 10 08:34:27 centos7-x86-64 systemd: Started LSB: XenServer Virtual Machine daemon providing host integration services.
Dec 10 08:34:27 centos7-x86-64 yum[20022]: Installed: xe-guest-utilities-6.5.0-1393.x86_64
Dec 10 08:34:27 centos7-x86-64 osupdate.sh: Installing : xe-guest-utilities-6.5.0-1393.x86_64                         2/2
Dec 10 08:34:27 centos7-x86-64 osupdate.sh: Verifying  : xe-guest-utilities-xenstore-6.5.0-1393.x86_64                1/2
Dec 10 08:34:27 centos7-x86-64 osupdate.sh: Verifying  : xe-guest-utilities-6.5.0-1393.x86_64                         2/2
Dec 10 08:34:27 centos7-x86-64 osupdate.sh: Installed:
Dec 10 08:34:27 centos7-x86-64 osupdate.sh: xe-guest-utilities.x86_64 0:6.5.0-1393
Dec 10 08:34:27 centos7-x86-64 osupdate.sh: xe-guest-utilities-xenstore.x86_64 0:6.5.0-1393
Dec 10 08:34:27 centos7-x86-64 osupdate.sh: Complete!
Dec 10 08:34:27 centos7-x86-64 osupdate.sh: ● xe-linux-distribution.service - LSB: XenServer Virtual Machine daemon providing host integration services
Dec 10 08:34:27 centos7-x86-64 osupdate.sh: Loaded: loaded (/etc/rc.d/init.d/xe-linux-distribution; bad; vendor preset: disabled)
Dec 10 08:34:27 centos7-x86-64 osupdate.sh: Active: active (running) since Tue 2019-12-10 08:34:27 CST; 177ms ago
Dec 10 08:34:27 centos7-x86-64 osupdate.sh: Docs: man:systemd-sysv-generator(8)
Dec 10 08:34:27 centos7-x86-64 osupdate.sh: Process: 20055 ExecStart=/etc/rc.d/init.d/xe-linux-distribution start (code=exited, status=0/SUCCESS)
Dec 10 08:34:27 centos7-x86-64 osupdate.sh: CGroup: /system.slice/xe-linux-distribution.service
Dec 10 08:34:27 centos7-x86-64 osupdate.sh: ├─20073 /bin/bash /usr/sbin/xe-daemon -p /var/run/xe-daemon.pid
Dec 10 08:34:27 centos7-x86-64 osupdate.sh: └─20155 sleep 60
Dec 10 08:34:27 centos7-x86-64 osupdate.sh: Dec 10 08:34:27 centos7-x86-64 systemd[1]: Starting LSB: XenServer Virtual Machine daemon providing host integration services...
Dec 10 08:34:27 centos7-x86-64 osupdate.sh: Dec 10 08:34:27 centos7-x86-64 xe-linux-distribution[20055]: Mounting xenfs on /proc/xen: [  OK  ]
Dec 10 08:34:27 centos7-x86-64 osupdate.sh: Dec 10 08:34:27 centos7-x86-64 xe-linux-distribution[20055]: Detecting Linux distribution version: [  OK  ]
Dec 10 08:34:27 centos7-x86-64 osupdate.sh: Dec 10 08:34:27 centos7-x86-64 xe-linux-distribution[20055]: Starting xe daemon:  [  OK  ]
Dec 10 08:34:27 centos7-x86-64 osupdate.sh: Dec 10 08:34:27 centos7-x86-64 systemd[1]: Started LSB: XenServer Virtual Machine daemon providing host integration services.
Dec 10 08:34:27 centos7-x86-64 osupdate.sh: --2019-12-10 08:34:27--  http://172.18.3.50/repos/centos.base.repo.prod-7
Dec 10 08:34:27 centos7-x86-64 osupdate.sh: Connecting to 172.18.3.50:80... connected.
Dec 10 08:34:27 centos7-x86-64 osupdate.sh: HTTP request sent, awaiting response... 200 OK
Dec 10 08:34:27 centos7-x86-64 osupdate.sh: Length: 1708 (1.7K)
Dec 10 08:34:27 centos7-x86-64 osupdate.sh: Saving to: ‘/etc/yum.repos.d/CentOS-Base.repo.prod’
Dec 10 08:34:27 centos7-x86-64 osupdate.sh: 0K .                                                     100%  193M=0s
Dec 10 08:34:27 centos7-x86-64 osupdate.sh: 2019-12-10 08:34:27 (193 MB/s) - ‘/etc/yum.repos.d/CentOS-Base.repo.prod’ saved [1708/1708]
Dec 10 08:34:27 centos7-x86-64 osupdate.sh: Loaded plugins: fastestmirror
Dec 10 08:34:27 centos7-x86-64 osupdate.sh: Determining fastest mirrors
Dec 10 08:34:30 centos7-x86-64 osupdate.sh: Resolving Dependencies
Dec 10 08:34:30 centos7-x86-64 osupdate.sh: --> Running transaction check
Dec 10 08:34:30 centos7-x86-64 osupdate.sh: ---> Package epel-release.noarch 0:7-11 will be installed
Dec 10 08:34:30 centos7-x86-64 osupdate.sh: ---> Package python-setuptools.noarch 0:0.9.8-7.el7 will be installed
Dec 10 08:34:30 centos7-x86-64 osupdate.sh: --> Processing Dependency: python-backports-ssl_match_hostname for package: python-setuptools-0.9.8-7.el7.noarch
Dec 10 08:34:30 centos7-x86-64 osupdate.sh: --> Running transaction check
Dec 10 08:34:30 centos7-x86-64 osupdate.sh: ---> Package python-backports-ssl_match_hostname.noarch 0:3.5.0.1-1.el7 will be installed
Dec 10 08:34:30 centos7-x86-64 osupdate.sh: --> Processing Dependency: python-ipaddress for package: python-backports-ssl_match_hostname-3.5.0.1-1.el7.noarch
Dec 10 08:34:30 centos7-x86-64 osupdate.sh: --> Processing Dependency: python-backports for package: python-backports-ssl_match_hostname-3.5.0.1-1.el7.noarch
Dec 10 08:34:30 centos7-x86-64 osupdate.sh: --> Running transaction check
Dec 10 08:34:30 centos7-x86-64 osupdate.sh: ---> Package python-backports.x86_64 0:1.0-8.el7 will be installed
Dec 10 08:34:30 centos7-x86-64 osupdate.sh: ---> Package python-ipaddress.noarch 0:1.0.16-2.el7 will be installed
Dec 10 08:34:30 centos7-x86-64 osupdate.sh: --> Finished Dependency Resolution
Dec 10 08:34:31 centos7-x86-64 osupdate.sh: Dependencies Resolved
Dec 10 08:34:31 centos7-x86-64 osupdate.sh: ================================================================================
Dec 10 08:34:31 centos7-x86-64 osupdate.sh: Package                               Arch     Version          Repository
Dec 10 08:34:31 centos7-x86-64 osupdate.sh: Size
Dec 10 08:34:31 centos7-x86-64 osupdate.sh: ================================================================================
Dec 10 08:34:31 centos7-x86-64 osupdate.sh: Installing:
Dec 10 08:34:31 centos7-x86-64 osupdate.sh: epel-release                          noarch   7-11             extras    15 k
Dec 10 08:34:31 centos7-x86-64 osupdate.sh: python-setuptools                     noarch   0.9.8-7.el7      base     397 k
Dec 10 08:34:31 centos7-x86-64 osupdate.sh: Installing for dependencies:
Dec 10 08:34:31 centos7-x86-64 osupdate.sh: python-backports                      x86_64   1.0-8.el7        base     5.8 k
Dec 10 08:34:31 centos7-x86-64 osupdate.sh: python-backports-ssl_match_hostname   noarch   3.5.0.1-1.el7    base      13 k
Dec 10 08:34:31 centos7-x86-64 osupdate.sh: python-ipaddress                      noarch   1.0.16-2.el7     base      34 k
Dec 10 08:34:31 centos7-x86-64 osupdate.sh: Transaction Summary
Dec 10 08:34:31 centos7-x86-64 osupdate.sh: ================================================================================
Dec 10 08:34:31 centos7-x86-64 osupdate.sh: Install  2 Packages (+3 Dependent packages)
Dec 10 08:34:31 centos7-x86-64 osupdate.sh: Total download size: 464 k
Dec 10 08:34:31 centos7-x86-64 osupdate.sh: Installed size: 2.2 M
Dec 10 08:34:31 centos7-x86-64 osupdate.sh: Downloading packages:
Dec 10 08:34:31 centos7-x86-64 osupdate.sh: warning: /var/cache/yum/x86_64/7/extras/packages/epel-release-7-11.noarch.rpm: Header V3 RSA/SHA256 Signature, key ID f4a80eb5: NOKEY
Dec 10 08:34:31 centos7-x86-64 osupdate.sh: Public key for epel-release-7-11.noarch.rpm is not installed
Dec 10 08:34:31 centos7-x86-64 osupdate.sh: Public key for python-backports-1.0-8.el7.x86_64.rpm is not installed
Dec 10 08:34:31 centos7-x86-64 osupdate.sh: --------------------------------------------------------------------------------
Dec 10 08:34:31 centos7-x86-64 osupdate.sh: Total                                              5.0 MB/s | 464 kB  00:00
Dec 10 08:34:31 centos7-x86-64 osupdate.sh: Retrieving key from http://mirrors.softlayer.local/centos/RPM-GPG-KEY-CentOS-7
Dec 10 08:34:31 centos7-x86-64 osupdate.sh: Importing GPG key 0xF4A80EB5:
Dec 10 08:34:31 centos7-x86-64 osupdate.sh: Userid     : "CentOS-7 Key (CentOS 7 Official Signing Key) <security@centos.org>"
Dec 10 08:34:31 centos7-x86-64 osupdate.sh: Fingerprint: 6341 ab27 53d7 8a78 a7c2 7bb1 24c6 a8a7 f4a8 0eb5
Dec 10 08:34:31 centos7-x86-64 osupdate.sh: From       : http://mirrors.softlayer.local/centos/RPM-GPG-KEY-CentOS-7
Dec 10 08:34:31 centos7-x86-64 osupdate.sh: Running transaction check
Dec 10 08:34:31 centos7-x86-64 osupdate.sh: Running transaction test
Dec 10 08:34:31 centos7-x86-64 osupdate.sh: Transaction test succeeded
Dec 10 08:34:31 centos7-x86-64 osupdate.sh: Running transaction
Dec 10 08:34:32 centos7-x86-64 yum[20160]: Installed: python-backports-1.0-8.el7.x86_64
Dec 10 08:34:32 centos7-x86-64 osupdate.sh: Installing : python-backports-1.0-8.el7.x86_64                            1/5
Dec 10 08:34:32 centos7-x86-64 yum[20160]: Installed: python-ipaddress-1.0.16-2.el7.noarch
Dec 10 08:34:32 centos7-x86-64 osupdate.sh: Installing : python-ipaddress-1.0.16-2.el7.noarch                         2/5
Dec 10 08:34:32 centos7-x86-64 yum[20160]: Installed: python-backports-ssl_match_hostname-3.5.0.1-1.el7.noarch
Dec 10 08:34:32 centos7-x86-64 osupdate.sh: Installing : python-backports-ssl_match_hostname-3.5.0.1-1.el7.noarch     3/5
Dec 10 08:34:32 centos7-x86-64 yum[20160]: Installed: python-setuptools-0.9.8-7.el7.noarch
Dec 10 08:34:32 centos7-x86-64 osupdate.sh: Installing : python-setuptools-0.9.8-7.el7.noarch                         4/5
Dec 10 08:34:32 centos7-x86-64 yum[20160]: Installed: epel-release-7-11.noarch
Dec 10 08:34:32 centos7-x86-64 osupdate.sh: Installing : epel-release-7-11.noarch                                     5/5
Dec 10 08:34:32 centos7-x86-64 osupdate.sh: Verifying  : python-ipaddress-1.0.16-2.el7.noarch                         1/5
Dec 10 08:34:32 centos7-x86-64 osupdate.sh: Verifying  : python-setuptools-0.9.8-7.el7.noarch                         2/5
Dec 10 08:34:32 centos7-x86-64 osupdate.sh: Verifying  : epel-release-7-11.noarch                                     3/5
Dec 10 08:34:32 centos7-x86-64 osupdate.sh: Verifying  : python-backports-1.0-8.el7.x86_64                            4/5
Dec 10 08:34:32 centos7-x86-64 osupdate.sh: Verifying  : python-backports-ssl_match_hostname-3.5.0.1-1.el7.noarch     5/5
Dec 10 08:34:32 centos7-x86-64 osupdate.sh: Installed:
Dec 10 08:34:32 centos7-x86-64 osupdate.sh: epel-release.noarch 0:7-11       python-setuptools.noarch 0:0.9.8-7.el7
Dec 10 08:34:32 centos7-x86-64 osupdate.sh: Dependency Installed:
Dec 10 08:34:32 centos7-x86-64 osupdate.sh: python-backports.x86_64 0:1.0-8.el7
Dec 10 08:34:32 centos7-x86-64 osupdate.sh: python-backports-ssl_match_hostname.noarch 0:3.5.0.1-1.el7
Dec 10 08:34:32 centos7-x86-64 osupdate.sh: python-ipaddress.noarch 0:1.0.16-2.el7
Dec 10 08:34:32 centos7-x86-64 osupdate.sh: Complete!
Dec 10 08:34:32 centos7-x86-64 osupdate.sh: Loaded plugins: fastestmirror
Dec 10 08:34:32 centos7-x86-64 osupdate.sh: Loading mirror speeds from cached hostfile
Dec 10 08:34:36 centos7-x86-64 osupdate.sh: * epel: fedora-epel.mirror.lstn.net
Dec 10 08:34:38 centos7-x86-64 osupdate.sh: Resolving Dependencies
Dec 10 08:34:38 centos7-x86-64 osupdate.sh: --> Running transaction check
Dec 10 08:34:38 centos7-x86-64 osupdate.sh: ---> Package GeoIP.x86_64 0:1.5.0-11.el7 will be updated
Dec 10 08:34:39 centos7-x86-64 osupdate.sh: ---> Package GeoIP.x86_64 0:1.5.0-14.el7 will be an update
Dec 10 08:34:39 centos7-x86-64 osupdate.sh: --> Processing Dependency: geoipupdate for package: GeoIP-1.5.0-14.el7.x86_64
Dec 10 08:34:39 centos7-x86-64 osupdate.sh: ---> Package NetworkManager.x86_64 1:1.10.2-13.el7 will be updated
Dec 10 08:34:39 centos7-x86-64 osupdate.sh: ---> Package NetworkManager.x86_64 1:1.18.0-5.el7_7.1 will be an update
Dec 10 08:34:39 centos7-x86-64 osupdate.sh: ---> Package NetworkManager-libnm.x86_64 1:1.10.2-13.el7 will be updated
Dec 10 08:34:39 centos7-x86-64 osupdate.sh: ---> Package NetworkManager-libnm.x86_64 1:1.18.0-5.el7_7.1 will be an update
Dec 10 08:34:39 centos7-x86-64 osupdate.sh: ---> Package NetworkManager-team.x86_64 1:1.10.2-13.el7 will be updated
Dec 10 08:34:39 centos7-x86-64 osupdate.sh: ---> Package NetworkManager-team.x86_64 1:1.18.0-5.el7_7.1 will be an update
Dec 10 08:34:39 centos7-x86-64 osupdate.sh: ---> Package NetworkManager-tui.x86_64 1:1.10.2-13.el7 will be updated
Dec 10 08:34:39 centos7-x86-64 osupdate.sh: ---> Package NetworkManager-tui.x86_64 1:1.18.0-5.el7_7.1 will be an update
Dec 10 08:34:39 centos7-x86-64 osupdate.sh: ---> Package alsa-lib.x86_64 0:1.1.4.1-2.el7 will be updated
Dec 10 08:34:39 centos7-x86-64 osupdate.sh: ---> Package alsa-lib.x86_64 0:1.1.8-1.el7 will be an update
Dec 10 08:34:39 centos7-x86-64 osupdate.sh: ---> Package audit.x86_64 0:2.8.1-3.el7 will be updated
Dec 10 08:34:39 centos7-x86-64 osupdate.sh: ---> Package audit.x86_64 0:2.8.5-4.el7 will be an update
Dec 10 08:34:39 centos7-x86-64 osupdate.sh: ---> Package audit-libs.x86_64 0:2.8.1-3.el7 will be updated
Dec 10 08:34:39 centos7-x86-64 osupdate.sh: ---> Package audit-libs.x86_64 0:2.8.5-4.el7 will be an update
Dec 10 08:34:39 centos7-x86-64 osupdate.sh: ---> Package bash.x86_64 0:4.2.46-30.el7 will be updated
Dec 10 08:34:39 centos7-x86-64 osupdate.sh: ---> Package bash.x86_64 0:4.2.46-33.el7 will be an update
Dec 10 08:34:39 centos7-x86-64 osupdate.sh: ---> Package bind-libs-lite.x86_64 32:9.9.4-61.el7 will be updated
Dec 10 08:34:39 centos7-x86-64 osupdate.sh: ---> Package bind-libs-lite.x86_64 32:9.11.4-9.P2.el7 will be an update
Dec 10 08:34:39 centos7-x86-64 osupdate.sh: ---> Package bind-license.noarch 32:9.9.4-61.el7 will be updated
Dec 10 08:34:39 centos7-x86-64 osupdate.sh: ---> Package bind-license.noarch 32:9.11.4-9.P2.el7 will be an update
Dec 10 08:34:39 centos7-x86-64 osupdate.sh: ---> Package binutils.x86_64 0:2.27-27.base.el7 will be updated
Dec 10 08:34:39 centos7-x86-64 osupdate.sh: ---> Package binutils.x86_64 0:2.27-41.base.el7_7.1 will be an update
Dec 10 08:34:39 centos7-x86-64 osupdate.sh: ---> Package biosdevname.x86_64 0:0.7.3-1.el7 will be updated
Dec 10 08:34:39 centos7-x86-64 osupdate.sh: ---> Package biosdevname.x86_64 0:0.7.3-2.el7 will be an update
Dec 10 08:34:39 centos7-x86-64 osupdate.sh: ---> Package ca-certificates.noarch 0:2017.2.20-71.el7 will be updated
Dec 10 08:34:39 centos7-x86-64 osupdate.sh: ---> Package ca-certificates.noarch 0:2019.2.32-76.el7_7 will be an update
Dec 10 08:34:39 centos7-x86-64 osupdate.sh: ---> Package centos-release.x86_64 0:7-5.1804.el7.centos will be updated
